Archive member included to satisfy reference by file (symbol)

../../../../../libopencm3//lib/libopencm3_stm32f4.a(adc_common_v1.o)
                              lcd-serial.o (adc_power_off)
../../../../../libopencm3//lib/libopencm3_stm32f4.a(adc_common_v1_multi.o)
                              lcd-serial.o (adc_power_on)
../../../../../libopencm3//lib/libopencm3_stm32f4.a(adc_common_f47.o)
                              lcd-serial.o (adc_set_sample_time_on_all_channels)
../../../../../libopencm3//lib/libopencm3_stm32f4.a(fmc_common_f47.o)
                              sdram.o (sdram_timing)
../../../../../libopencm3//lib/libopencm3_stm32f4.a(gpio_common_all.o)
                              lcd-spi.o (gpio_set)
../../../../../libopencm3//lib/libopencm3_stm32f4.a(gpio_common_f0234.o)
                              sdram.o (gpio_mode_setup)
../../../../../libopencm3//lib/libopencm3_stm32f4.a(rcc_common_all.o)
                              sdram.o (rcc_periph_clock_enable)
../../../../../libopencm3//lib/libopencm3_stm32f4.a(rcc.o)
                              clock.o (rcc_clock_setup_pll)
../../../../../libopencm3//lib/libopencm3_stm32f4.a(spi_common_all.o)
                              lcd-spi.o (spi_enable)
../../../../../libopencm3//lib/libopencm3_stm32f4.a(spi_common_v1.o)
                              lcd-spi.o (spi_init_master)
../../../../../libopencm3//lib/libopencm3_stm32f4.a(usart_common_all.o)
                              console.o (usart_set_baudrate)
../../../../../libopencm3//lib/libopencm3_stm32f4.a(usart_common_f124.o)
                              ../../../../../libopencm3//lib/libopencm3_stm32f4.a(usart_common_all.o) (usart_send)
../../../../../libopencm3//lib/libopencm3_stm32f4.a(vector.o)
                              (reset_handler)
../../../../../libopencm3//lib/libopencm3_stm32f4.a(systick.o)
                              clock.o (systick_set_reload)
../../../../../libopencm3//lib/libopencm3_stm32f4.a(scb.o)
                              console.o (scb_reset_system)
../../../../../libopencm3//lib/libopencm3_stm32f4.a(nvic.o)
                              console.o (nvic_enable_irq)
../../../../../libopencm3//lib/libopencm3_stm32f4.a(flash_common_all.o)
                              ../../../../../libopencm3//lib/libopencm3_stm32f4.a(rcc.o) (flash_set_ws)
../../../../../libopencm3//lib/libopencm3_stm32f4.a(flash_common_idcache.o)
                              ../../../../../libopencm3//lib/libopencm3_stm32f4.a(rcc.o) (flash_dcache_enable)
../../../../../libopencm3//lib/libopencm3_stm32f4.a(pwr.o)
                              ../../../../../libopencm3//lib/libopencm3_stm32f4.a(rcc.o) (pwr_set_vos_scale)
/usr/lib/gcc/arm-none-eabi/10.3.1/../../../arm-none-eabi/lib/thumb/v7e-m+fp/hard/libc.a(lib_a-memset.o)
                              lcd-serial.o (memset)
/usr/lib/gcc/arm-none-eabi/10.3.1/../../../arm-none-eabi/lib/thumb/v7e-m+fp/hard/libc.a(lib_a-sprintf.o)
                              lcd-serial.o (sprintf)
/usr/lib/gcc/arm-none-eabi/10.3.1/../../../arm-none-eabi/lib/thumb/v7e-m+fp/hard/libc.a(lib_a-strcat.o)
                              lcd-serial.o (strcat)
/usr/lib/gcc/arm-none-eabi/10.3.1/../../../arm-none-eabi/lib/thumb/v7e-m+fp/hard/libc.a(lib_a-strcpy.o)
                              /usr/lib/gcc/arm-none-eabi/10.3.1/../../../arm-none-eabi/lib/thumb/v7e-m+fp/hard/libc.a(lib_a-strcat.o) (strcpy)
/usr/lib/gcc/arm-none-eabi/10.3.1/../../../arm-none-eabi/lib/thumb/v7e-m+fp/hard/libc.a(lib_a-strtod.o)
                              lcd-serial.o (strtof)
/usr/lib/gcc/arm-none-eabi/10.3.1/../../../arm-none-eabi/lib/thumb/v7e-m+fp/hard/libc.a(lib_a-svfprintf.o)
                              /usr/lib/gcc/arm-none-eabi/10.3.1/../../../arm-none-eabi/lib/thumb/v7e-m+fp/hard/libc.a(lib_a-sprintf.o) (_svfprintf_r)
/usr/lib/gcc/arm-none-eabi/10.3.1/../../../arm-none-eabi/lib/thumb/v7e-m+fp/hard/libc.a(lib_a-dtoa.o)
                              /usr/lib/gcc/arm-none-eabi/10.3.1/../../../arm-none-eabi/lib/thumb/v7e-m+fp/hard/libc.a(lib_a-svfprintf.o) (_dtoa_r)
/usr/lib/gcc/arm-none-eabi/10.3.1/../../../arm-none-eabi/lib/thumb/v7e-m+fp/hard/libc.a(lib_a-gdtoa-gethex.o)
                              /usr/lib/gcc/arm-none-eabi/10.3.1/../../../arm-none-eabi/lib/thumb/v7e-m+fp/hard/libc.a(lib_a-strtod.o) (__gethex)
/usr/lib/gcc/arm-none-eabi/10.3.1/../../../arm-none-eabi/lib/thumb/v7e-m+fp/hard/libc.a(lib_a-gdtoa-hexnan.o)
                              /usr/lib/gcc/arm-none-eabi/10.3.1/../../../arm-none-eabi/lib/thumb/v7e-m+fp/hard/libc.a(lib_a-strtod.o) (__match)
/usr/lib/gcc/arm-none-eabi/10.3.1/../../../arm-none-eabi/lib/thumb/v7e-m+fp/hard/libc.a(lib_a-impure.o)
                              /usr/lib/gcc/arm-none-eabi/10.3.1/../../../arm-none-eabi/lib/thumb/v7e-m+fp/hard/libc.a(lib_a-sprintf.o) (_impure_ptr)
/usr/lib/gcc/arm-none-eabi/10.3.1/../../../arm-none-eabi/lib/thumb/v7e-m+fp/hard/libc.a(lib_a-lnumeric.o)
[...]
Memory Configuration

Name             Origin             Length             Attributes
rom              0x0000000008000000 0x0000000000200000 xr
ccm              0x0000000010000000 0x0000000000010000 xrw
ram              0x0000000020000000 0x0000000000030000 xrw
*default*        0x0000000000000000 0xffffffffffffffff

Linker script and memory map

LOAD sdram.o
LOAD clock.o
LOAD console.o
LOAD lcd-spi.o
LOAD gfx.o
LOAD lcd-serial.o
LOAD /usr/lib/gcc/arm-none-eabi/10.3.1/../../../arm-none-eabi/lib/thumb/v7e-m+fp/hard/libm.a
LOAD ../../../../../libopencm3//lib/libopencm3_stm32f4.a
START GROUP
LOAD /usr/lib/gcc/arm-none-eabi/10.3.1/../../../arm-none-eabi/lib/thumb/v7e-m+fp/hard/libc.a
LOAD /usr/lib/gcc/arm-none-eabi/10.3.1/thumb/v7e-m+fp/hard/libgcc.a
LOAD /usr/lib/gcc/arm-none-eabi/10.3.1/../../../arm-none-eabi/lib/thumb/v7e-m+fp/hard/libnosys.a
END GROUP
START GROUP
LOAD /usr/lib/gcc/arm-none-eabi/10.3.1/thumb/v7e-m+fp/hard/libgcc.a
LOAD /usr/lib/gcc/arm-none-eabi/10.3.1/../../../arm-none-eabi/lib/thumb/v7e-m+fp/hard/libg.a
LOAD /usr/lib/gcc/arm-none-eabi/10.3.1/../../../arm-none-eabi/lib/thumb/v7e-m+fp/hard/libc.a
END GROUP

.text           0x0000000008000000     0xc2c4
 *(.vectors)
 .vectors       0x0000000008000000      0x1ac ../../../../../libopencm3//lib/libopencm3_stm32f4.a(vector.o)
                0x0000000008000000                vector_table
 *(.text*)
 .text.sdram_init
                0x00000000080001ac       0xf0 sdram.o
                0x00000000080001ac                sdram_init
 .text.sys_tick_handler
                0x000000000800029c       0x10 clock.o
                0x000000000800029c                sys_tick_handler
 .text.msleep   0x00000000080002ac       0x14 clock.o
                0x00000000080002ac                msleep
 .text.clock_setup
                0x00000000080002c0       0x28 clock.o
                0x00000000080002c0                clock_setup
 .text.usart1_isr
                0x00000000080002e8       0x50 console.o
                0x00000000080002e8                usart1_isr
 .text.console_putc
                0x0000000008000338       0x10 console.o
                0x0000000008000338                console_putc
 .text.console_puts
                0x0000000008000348       0x1e console.o
                0x0000000008000348                console_puts
 *fill*         0x0000000008000366        0x2 
 .text.console_setup
                0x0000000008000368       0x80 console.o
                0x0000000008000368                console_setup
 .text.lcd_command
                0x00000000080003e8       0x64 lcd-spi.o
 .text.print_hex.isra.0
                0x000000000800044c       0x44 lcd-spi.o
 .text.lcd_draw_pixel
                0x0000000008000490       0x14 lcd-spi.o
                0x0000000008000490                lcd_draw_pixel
 .text.lcd_show_frame
                0x00000000080004a4       0x68 lcd-spi.o
                0x00000000080004a4                lcd_show_frame
 .text.lcd_spi_init
                0x000000000800050c      0x1b0 lcd-spi.o
                0x000000000800050c                lcd_spi_init
 .text.gfx_drawPixel
                0x00000000080006bc       0x2c gfx.o
                0x00000000080006bc                gfx_drawPixel
 .text.gfx_init
                0x00000000080006e8       0x20 gfx.o
                0x00000000080006e8                gfx_init
 .text.gfx_drawCircleHelper
                0x0000000008000708       0xd8 gfx.o
                0x0000000008000708                gfx_drawCircleHelper
 .text.gfx_drawLine
                0x00000000080007e0       0xb4 gfx.o
                0x00000000080007e0                gfx_drawLine
 .text.gfx_drawFastVLine
                0x0000000008000894       0x16 gfx.o
                0x0000000008000894                gfx_drawFastVLine
 .text.gfx_fillCircleHelper
                0x00000000080008aa       0xfc gfx.o
                0x00000000080008aa                gfx_fillCircleHelper
 .text.gfx_fillCircle
                0x00000000080009a6       0x30 gfx.o
                0x00000000080009a6                gfx_fillCircle
 .text.gfx_drawFastHLine
                0x00000000080009d6       0x16 gfx.o
                0x00000000080009d6                gfx_drawFastHLine
 .text.gfx_fillRect
                0x00000000080009ec       0x2a gfx.o
                0x00000000080009ec                gfx_fillRect
 *fill*         0x0000000008000a16        0x2 
 .text.gfx_fillScreen
                0x0000000008000a18       0x20 gfx.o
                0x0000000008000a18                gfx_fillScreen
 .text.gfx_drawRoundRect
                0x0000000008000a38       0xd6 gfx.o
                0x0000000008000a38                gfx_drawRoundRect
 .text.gfx_fillRoundRect
                0x0000000008000b0e       0x78 gfx.o
                0x0000000008000b0e                gfx_fillRoundRect
 *fill*         0x0000000008000b86        0x2 
 .text.gfx_drawChar
                0x0000000008000b88       0xe4 gfx.o
                0x0000000008000b88                gfx_drawChar
 .text.gfx_write
                0x0000000008000c6c       0x70 gfx.o
                0x0000000008000c6c                gfx_write
 .text.gfx_puts
                0x0000000008000cdc       0x12 gfx.o
                0x0000000008000cdc                gfx_puts
 *fill*         0x0000000008000cee        0x2 
 .text.gfx_setCursor
                0x0000000008000cf0        0xc gfx.o
                0x0000000008000cf0                gfx_setCursor
 .text.gfx_setTextSize
                0x0000000008000cfc       0x10 gfx.o
                0x0000000008000cfc                gfx_setTextSize
 .text.gfx_setTextColor
                0x0000000008000d0c        0xc gfx.o
                0x0000000008000d0c                gfx_setTextColor
 .text.ALERT    0x0000000008000d18       0xc8 lcd-serial.o
                0x0000000008000d18                ALERT
 .text.GPIO_CONFIG
                0x0000000008000de0       0x58 lcd-serial.o
                0x0000000008000de0                GPIO_CONFIG
 .text.GYRO_DATA
                0x0000000008000e38      0x25c lcd-serial.o
                0x0000000008000e38                GYRO_DATA
 .text.PW_State
                0x0000000008001094       0xa4 lcd-serial.o
                0x0000000008001094                PW_State
 .text.delay    0x0000000008001138       0x10 lcd-serial.o
                0x0000000008001138                delay
 .text.startup.main
                0x0000000008001148      0x530 lcd-serial.o
                0x0000000008001148                main
 .text.adc_power_off
                0x0000000008001678        0xa ../../../../../libopencm3//lib/libopencm3_stm32f4.a(adc_common_v1.o)
                0x0000000008001678                adc_power_off
 .text.adc_disable_scan_mode
                0x0000000008001682        0xa ../../../../../libopencm3//lib/libopencm3_stm32f4.a(adc_common_v1.o)
                0x0000000008001682                adc_disable_scan_mode
 .text.adc_eoc  0x000000000800168c        0x8 ../../../../../libopencm3//lib/libopencm3_stm32f4.a(adc_common_v1.o)
                0x000000000800168c                adc_eoc
 .text.adc_read_regular
                0x0000000008001694        0x4 ../../../../../libopencm3//lib/libopencm3_stm32f4.a(adc_common_v1.o)
                0x0000000008001694                adc_read_regular
 .text.adc_set_regular_sequence
                0x0000000008001698       0x5e ../../../../../libopencm3//lib/libopencm3_stm32f4.a(adc_common_v1.o)
                0x0000000008001698                adc_set_regular_sequence
 .text.adc_start_conversion_regular
                0x00000000080016f6       0x14 ../../../../../libopencm3//lib/libopencm3_stm32f4.a(adc_common_v1.o)
                0x00000000080016f6                adc_start_conversion_regular
 .text.adc_power_on
                0x000000000800170a        0xa ../../../../../libopencm3//lib/libopencm3_stm32f4.a(adc_common_v1_multi.o)
                0x000000000800170a                adc_power_on
 .text.adc_set_sample_time_on_all_channels
                0x0000000008001714       0x2a ../../../../../libopencm3//lib/libopencm3_stm32f4.a(adc_common_f47.o)
                0x0000000008001714                adc_set_sample_time_on_all_channels
 .text.sdram_timing
                0x000000000800173e       0x4e ../../../../../libopencm3//lib/libopencm3_stm32f4.a(fmc_common_f47.o)
                0x000000000800173e                sdram_timing
 .text.sdram_command
                0x000000000800178c       0x60 ../../../../../libopencm3//lib/libopencm3_stm32f4.a(fmc_common_f47.o)
                0x000000000800178c                sdram_command
 .text.gpio_set
                0x00000000080017ec        0x4 ../../../../../libopencm3//lib/libopencm3_stm32f4.a(gpio_common_all.o)
                0x00000000080017ec                gpio_set
 .text.gpio_clear
                0x00000000080017f0        0x6 ../../../../../libopencm3//lib/libopencm3_stm32f4.a(gpio_common_all.o)
                0x00000000080017f0                gpio_clear
 .text.gpio_get
                0x00000000080017f6        0x6 ../../../../../libopencm3//lib/libopencm3_stm32f4.a(gpio_common_all.o)
                0x00000000080017f6                gpio_get
 .text.gpio_toggle
                0x00000000080017fc       0x12 ../../../../../libopencm3//lib/libopencm3_stm32f4.a(gpio_common_all.o)
                0x00000000080017fc                gpio_toggle
 .text.gpio_mode_setup
                0x000000000800180e       0x40 ../../../../../libopencm3//lib/libopencm3_stm32f4.a(gpio_common_f0234.o)
                0x000000000800180e                gpio_mode_setup
 .text.gpio_set_output_options
                0x000000000800184e       0x36 ../../../../../libopencm3//lib/libopencm3_stm32f4.a(gpio_common_f0234.o)
                0x000000000800184e                gpio_set_output_options
 .text.gpio_set_af
                0x0000000008001884       0x58 ../../../../../libopencm3//lib/libopencm3_stm32f4.a(gpio_common_f0234.o)
                0x0000000008001884                gpio_set_af
 .text.rcc_periph_clock_enable
                0x00000000080018dc       0x1c ../../../../../libopencm3//lib/libopencm3_stm32f4.a(rcc_common_all.o)
                0x00000000080018dc                rcc_periph_clock_enable
 .text.rcc_is_osc_ready
                0x00000000080018f8       0x64 ../../../../../libopencm3//lib/libopencm3_stm32f4.a(rcc.o)
                0x00000000080018f8                rcc_is_osc_ready
 .text.rcc_wait_for_osc_ready
                0x000000000800195c       0x10 ../../../../../libopencm3//lib/libopencm3_stm32f4.a(rcc.o)
                0x000000000800195c                rcc_wait_for_osc_ready
 .text.rcc_osc_on
                0x000000000800196c       0x74 ../../../../../libopencm3//lib/libopencm3_stm32f4.a(rcc.o)
                0x000000000800196c                rcc_osc_on
 .text.rcc_osc_off
                0x00000000080019e0       0x74 ../../../../../libopencm3//lib/libopencm3_stm32f4.a(rcc.o)
                0x00000000080019e0                rcc_osc_off
 .text.rcc_set_sysclk_source
                0x0000000008001a54       0x18 ../../../../../libopencm3//lib/libopencm3_stm32f4.a(rcc.o)
                0x0000000008001a54                rcc_set_sysclk_source
 .text.rcc_set_ppre2
                0x0000000008001a6c       0x18 ../../../../../libopencm3//lib/libopencm3_stm32f4.a(rcc.o)
                0x0000000008001a6c                rcc_set_ppre2
 .text.rcc_set_ppre1
                0x0000000008001a84       0x18 ../../../../../libopencm3//lib/libopencm3_stm32f4.a(rcc.o)
                0x0000000008001a84                rcc_set_ppre1
 .text.rcc_set_hpre
                0x0000000008001a9c       0x18 ../../../../../libopencm3//lib/libopencm3_stm32f4.a(rcc.o)
                0x0000000008001a9c                rcc_set_hpre
 .text.rcc_set_main_pll_hsi
                0x0000000008001ab4       0x44 ../../../../../libopencm3//lib/libopencm3_stm32f4.a(rcc.o)
                0x0000000008001ab4                rcc_set_main_pll_hsi
 .text.rcc_set_main_pll_hse
                0x0000000008001af8       0x44 ../../../../../libopencm3//lib/libopencm3_stm32f4.a(rcc.o)
                0x0000000008001af8                rcc_set_main_pll_hse
 .text.rcc_clock_setup_pll
                0x0000000008001b3c       0xe4 ../../../../../libopencm3//lib/libopencm3_stm32f4.a(rcc.o)
                0x0000000008001b3c                rcc_clock_setup_pll
 .text.spi_enable
                0x0000000008001c20        0xa ../../../../../libopencm3//lib/libopencm3_stm32f4.a(spi_common_all.o)
                0x0000000008001c20                spi_enable
 .text.spi_send
                0x0000000008001c2a        0xa ../../../../../libopencm3//lib/libopencm3_stm32f4.a(spi_common_all.o)
                0x0000000008001c2a                spi_send
 .text.spi_read
                0x0000000008001c34        0xc ../../../../../libopencm3//lib/libopencm3_stm32f4.a(spi_common_all.o)
                0x0000000008001c34                spi_read
 .text.spi_xfer
                0x0000000008001c40        0xe ../../../../../libopencm3//lib/libopencm3_stm32f4.a(spi_common_all.o)
                0x0000000008001c40                spi_xfer
 .text.spi_set_unidirectional_mode
                0x0000000008001c4e        0xa ../../../../../libopencm3//lib/libopencm3_stm32f4.a(spi_common_all.o)
                0x0000000008001c4e                spi_set_unidirectional_mode
 .text.spi_set_full_duplex_mode
                0x0000000008001c58        0xa ../../../../../libopencm3//lib/libopencm3_stm32f4.a(spi_common_all.o)
                0x0000000008001c58                spi_set_full_duplex_mode
 .text.spi_enable_software_slave_management
                0x0000000008001c62       0x12 ../../../../../libopencm3//lib/libopencm3_stm32f4.a(spi_common_all.o)
                0x0000000008001c62                spi_enable_software_slave_management
 .text.spi_set_nss_high
                0x0000000008001c74        0xa ../../../../../libopencm3//lib/libopencm3_stm32f4.a(spi_common_all.o)
                0x0000000008001c74                spi_set_nss_high
 .text.spi_send_msb_first
                0x0000000008001c7e        0xa ../../../../../libopencm3//lib/libopencm3_stm32f4.a(spi_common_all.o)
                0x0000000008001c7e                spi_send_msb_first
 .text.spi_set_baudrate_prescaler
                0x0000000008001c88       0x16 ../../../../../libopencm3//lib/libopencm3_stm32f4.a(spi_common_all.o)
                0x0000000008001c88                spi_set_baudrate_prescaler
 .text.spi_set_master_mode
                0x0000000008001c9e        0xa ../../../../../libopencm3//lib/libopencm3_stm32f4.a(spi_common_all.o)
                0x0000000008001c9e                spi_set_master_mode
 .text.spi_set_clock_polarity_0
                0x0000000008001ca8        0xa ../../../../../libopencm3//lib/libopencm3_stm32f4.a(spi_common_all.o)
                0x0000000008001ca8                spi_set_clock_polarity_0
 .text.spi_set_clock_phase_0
                0x0000000008001cb2        0xa ../../../../../libopencm3//lib/libopencm3_stm32f4.a(spi_common_all.o)
                0x0000000008001cb2                spi_set_clock_phase_0
 .text.spi_enable_ss_output
                0x0000000008001cbc        0xa ../../../../../libopencm3//lib/libopencm3_stm32f4.a(spi_common_all.o)
                0x0000000008001cbc                spi_enable_ss_output
 .text.spi_init_master
                0x0000000008001cc6       0x28 ../../../../../libopencm3//lib/libopencm3_stm32f4.a(spi_common_v1.o)
                0x0000000008001cc6                spi_init_master
 *fill*         0x0000000008001cee        0x2 
 .text.usart_set_baudrate
                0x0000000008001cf0       0x2c ../../../../../libopencm3//lib/libopencm3_stm32f4.a(usart_common_all.o)
                0x0000000008001cf0                usart_set_baudrate
 .text.usart_set_databits
                0x0000000008001d1c       0x12 ../../../../../libopencm3//lib/libopencm3_stm32f4.a(usart_common_all.o)
                0x0000000008001d1c                usart_set_databits
 .text.usart_set_stopbits
                0x0000000008001d2e        0xc ../../../../../libopencm3//lib/libopencm3_stm32f4.a(usart_common_all.o)
                0x0000000008001d2e                usart_set_stopbits
 .text.usart_set_parity
                0x0000000008001d3a        0xc ../../../../../libopencm3//lib/libopencm3_stm32f4.a(usart_common_all.o)
                0x0000000008001d3a                usart_set_parity
 .text.usart_set_mode
                0x0000000008001d46        0xc ../../../../../libopencm3//lib/libopencm3_stm32f4.a(usart_common_all.o)
                0x0000000008001d46                usart_set_mode
 .text.usart_set_flow_control
                0x0000000008001d52        0xc ../../../../../libopencm3//lib/libopencm3_stm32f4.a(usart_common_all.o)
                0x0000000008001d52                usart_set_flow_control
 .text.usart_enable
                0x0000000008001d5e        0xa ../../../../../libopencm3//lib/libopencm3_stm32f4.a(usart_common_all.o)
                0x0000000008001d5e                usart_enable
 .text.usart_enable_rx_interrupt
                0x0000000008001d68        0xa ../../../../../libopencm3//lib/libopencm3_stm32f4.a(usart_common_all.o)
                0x0000000008001d68                usart_enable_rx_interrupt
 .text.blocking_handler
                0x0000000008001d72        0x2 ../../../../../libopencm3//lib/libopencm3_stm32f4.a(vector.o)
                0x0000000008001d72                dma2_stream1_isr
                0x0000000008001d72                tim8_brk_tim12_isr
                0x0000000008001d72                dma1_stream7_isr
                0x0000000008001d72                usart3_isr
                0x0000000008001d72                tim7_isr
                0x0000000008001d72                dma2d_isr
                0x0000000008001d72                uart8_isr
                0x0000000008001d72                dma1_stream2_isr
                0x0000000008001d72                otg_hs_isr
                0x0000000008001d72                blocking_handler
                0x0000000008001d72                tim5_isr
                0x0000000008001d72                rtc_wkup_isr
                0x0000000008001d72                otg_fs_isr
                0x0000000008001d72                spi1_isr
                0x0000000008001d72                i2c3_er_isr
                0x0000000008001d72                exti2_isr
                0x0000000008001d72                spi5_isr
                0x0000000008001d72                usb_fs_wkup_isr
                0x0000000008001d72                tamp_stamp_isr
                0x0000000008001d72                can1_rx1_isr
                0x0000000008001d72                dma2_stream0_isr
                0x0000000008001d72                i2c3_ev_isr
                0x0000000008001d72                usage_fault_handler
                0x0000000008001d72                can2_rx0_isr
                0x0000000008001d72                dma1_stream6_isr
                0x0000000008001d72                can2_rx1_isr
                0x0000000008001d72                can1_sce_isr
                0x0000000008001d72                tim1_cc_isr
                0x0000000008001d72                can1_tx_isr
                0x0000000008001d72                tim1_up_tim10_isr
                0x0000000008001d72                sdio_isr
                0x0000000008001d72                eth_isr
                0x0000000008001d72                spi6_isr
                0x0000000008001d72                dma2_stream5_isr
                0x0000000008001d72                pvd_isr
                0x0000000008001d72                can1_rx0_isr
                0x0000000008001d72                rcc_isr
                0x0000000008001d72                dma2_stream3_isr
                0x0000000008001d72                flash_isr
                0x0000000008001d72                uart4_isr
                0x0000000008001d72                lcd_tft_isr
                0x0000000008001d72                rtc_alarm_isr
                0x0000000008001d72                exti15_10_isr
                0x0000000008001d72                hash_rng_isr
                0x0000000008001d72                tim1_trg_com_tim11_isr
                0x0000000008001d72                hard_fault_handler
                0x0000000008001d72                exti1_isr
                0x0000000008001d72                i2c1_ev_isr
                0x0000000008001d72                usart6_isr
                0x0000000008001d72                spi2_isr
                0x0000000008001d72                cryp_isr
                0x0000000008001d72                nvic_wwdg_isr
                0x0000000008001d72                dma1_stream1_isr
                0x0000000008001d72                dma2_stream4_isr
                0x0000000008001d72                exti3_isr
                0x0000000008001d72                tim3_isr
                0x0000000008001d72                usart2_isr
                0x0000000008001d72                sai1_isr
                0x0000000008001d72                fpu_isr
                0x0000000008001d72                dma1_stream4_isr
                0x0000000008001d72                i2c2_er_isr
                0x0000000008001d72                i2c2_ev_isr
                0x0000000008001d72                uart5_isr
                0x0000000008001d72                dma2_stream6_isr
                0x0000000008001d72                spi4_isr
                0x0000000008001d72                adc_isr
                0x0000000008001d72                dma2_stream7_isr
                0x0000000008001d72                tim8_up_tim13_isr
                0x0000000008001d72                fsmc_isr
                0x0000000008001d72                exti4_isr
                0x0000000008001d72                tim6_dac_isr
                0x0000000008001d72                dma1_stream3_isr
                0x0000000008001d72                tim8_trg_com_tim14_isr
                0x0000000008001d72                mem_manage_handler
                0x0000000008001d72                lcd_tft_err_isr
                0x0000000008001d72                can2_tx_isr
                0x0000000008001d72                exti9_5_isr
                0x0000000008001d72                tim1_brk_tim9_isr
                0x0000000008001d72                uart7_isr
                0x0000000008001d72                can2_sce_isr
                0x0000000008001d72                tim4_isr
                0x0000000008001d72                otg_hs_wkup_isr
                0x0000000008001d72                i2c1_er_isr
                0x0000000008001d72                dma1_stream0_isr
                0x0000000008001d72                tim8_cc_isr
                0x0000000008001d72                dcmi_isr
                0x0000000008001d72                dma2_stream2_isr
                0x0000000008001d72                eth_wkup_isr
                0x0000000008001d72                bus_fault_handler
                0x0000000008001d72                otg_hs_ep1_out_isr
                0x0000000008001d72                spi3_isr
                0x0000000008001d72                dma1_stream5_isr
                0x0000000008001d72                otg_hs_ep1_in_isr
                0x0000000008001d72                tim2_isr
                0x0000000008001d72                exti0_isr
 .text.null_handler
                0x0000000008001d74        0x2 ../../../../../libopencm3//lib/libopencm3_stm32f4.a(vector.o)
                0x0000000008001d74                null_handler
                0x0000000008001d74                sv_call_handler
                0x0000000008001d74                pend_sv_handler
                0x0000000008001d74                debug_monitor_handler
                0x0000000008001d74                nmi_handler
 *fill*         0x0000000008001d76        0x2 
 .text.reset_handler
                0x0000000008001d78       0xa0 ../../../../../libopencm3//lib/libopencm3_stm32f4.a(vector.o)
                0x0000000008001d78                reset_handler
 .text.systick_set_reload
                0x0000000008001e18        0xc ../../../../../libopencm3//lib/libopencm3_stm32f4.a(systick.o)
                0x0000000008001e18                systick_set_reload
 .text.systick_set_clocksource
                0x0000000008001e24       0x14 ../../../../../libopencm3//lib/libopencm3_stm32f4.a(systick.o)
                0x0000000008001e24                systick_set_clocksource
 .text.systick_interrupt_enable
                0x0000000008001e38        0xe ../../../../../libopencm3//lib/libopencm3_stm32f4.a(systick.o)
                0x0000000008001e38                systick_interrupt_enable
 .text.systick_counter_enable
                0x0000000008001e46        0xe ../../../../../libopencm3//lib/libopencm3_stm32f4.a(systick.o)
                0x0000000008001e46                systick_counter_enable
 .text.scb_reset_system
                0x0000000008001e54       0x10 ../../../../../libopencm3//lib/libopencm3_stm32f4.a(scb.o)
                0x0000000008001e54                scb_reset_system
 .text.nvic_enable_irq
                0x0000000008001e64       0x1c ../../../../../libopencm3//lib/libopencm3_stm32f4.a(nvic.o)
                0x0000000008001e64                nvic_enable_irq
 .text.flash_set_ws
                0x0000000008001e80       0x18 ../../../../../libopencm3//lib/libopencm3_stm32f4.a(flash_common_all.o)
                0x0000000008001e80                flash_set_ws
 .text.flash_dcache_enable
                0x0000000008001e98       0x14 ../../../../../libopencm3//lib/libopencm3_stm32f4.a(flash_common_idcache.o)
                0x0000000008001e98                flash_dcache_enable
 .text.flash_dcache_disable
                0x0000000008001eac       0x14 ../../../../../libopencm3//lib/libopencm3_stm32f4.a(flash_common_idcache.o)
                0x0000000008001eac                flash_dcache_disable
 .text.flash_icache_enable
                0x0000000008001ec0       0x14 ../../../../../libopencm3//lib/libopencm3_stm32f4.a(flash_common_idcache.o)
                0x0000000008001ec0                flash_icache_enable
 .text.flash_icache_disable
                0x0000000008001ed4       0x14 ../../../../../libopencm3//lib/libopencm3_stm32f4.a(flash_common_idcache.o)
                0x0000000008001ed4                flash_icache_disable
 .text.pwr_set_vos_scale
                0x0000000008001ee8       0x18 ../../../../../libopencm3//lib/libopencm3_stm32f4.a(pwr.o)
                0x0000000008001ee8                pwr_set_vos_scale
 .text          0x0000000008001f00       0xa4 /usr/lib/gcc/arm-none-eabi/10.3.1/../../../arm-none-eabi/lib/thumb/v7e-m+fp/hard/libc.a(lib_a-memset.o)
                0x0000000008001f00                memset
 .text          0x0000000008001fa4       0x78 /usr/lib/gcc/arm-none-eabi/10.3.1/../../../arm-none-eabi/lib/thumb/v7e-m+fp/hard/libc.a(lib_a-sprintf.o)
                0x0000000008001fa4                _sprintf_r
                0x0000000008001fdc                sprintf
 .text          0x000000000800201c       0x40 /usr/lib/gcc/arm-none-eabi/10.3.1/../../../arm-none-eabi/lib/thumb/v7e-m+fp/hard/libc.a(lib_a-strcat.o)
                0x000000000800201c                strcat
 .text          0x000000000800205c       0xbc /usr/lib/gcc/arm-none-eabi/10.3.1/../../../arm-none-eabi/lib/thumb/v7e-m+fp/hard/libc.a(lib_a-strcpy.o)
                0x000000000800205c                strcpy
 .text          0x0000000008002118     0x1104 /usr/lib/gcc/arm-none-eabi/10.3.1/../../../arm-none-eabi/lib/thumb/v7e-m+fp/hard/libc.a(lib_a-strtod.o)
                0x0000000008002118                _strtod_l
                0x0000000008003068                _strtod_r
                0x0000000008003074                strtod_l
                0x0000000008003090                strtod
                0x00000000080030b0                strtof_l
                0x0000000008003164                strtof
 *fill*         0x000000000800321c        0x4 
 .text          0x0000000008003220     0x14bc /usr/lib/gcc/arm-none-eabi/10.3.1/../../../arm-none-eabi/lib/thumb/v7e-m+fp/hard/libc.a(lib_a-svfprintf.o)
                0x0000000008003220                _svfprintf_r
 *fill*         0x00000000080046dc        0x4 
 .text          0x00000000080046e0     0x1064 /usr/lib/gcc/arm-none-eabi/10.3.1/../../../arm-none-eabi/lib/thumb/v7e-m+fp/hard/libc.a(lib_a-dtoa.o)
                0x0000000008004808                _dtoa_r
 .text          0x0000000008005744      0x67c /usr/lib/gcc/arm-none-eabi/10.3.1/../../../arm-none-eabi/lib/thumb/v7e-m+fp/hard/libc.a(lib_a-gdtoa-gethex.o)
                0x00000000080057e8                __gethex
 .text          0x0000000008005dc0      0x1e4 /usr/lib/gcc/arm-none-eabi/10.3.1/../../../arm-none-eabi/lib/thumb/v7e-m+fp/hard/libc.a(lib_a-gdtoa-hexnan.o)
                0x0000000008005dc0                __match
                0x0000000008005df8                __hexnan
 .text          0x0000000008005fa4       0x8c /usr/lib/gcc/arm-none-eabi/10.3.1/../../../arm-none-eabi/lib/thumb/v7e-m+fp/hard/libc.a(lib_a-locale.o)
                0x0000000008005fa4                _setlocale_r
                0x0000000008005fe4                __locale_mb_cur_max
                0x0000000008005ff0                setlocale
 .text          0x0000000008006030       0x14 /usr/lib/gcc/arm-none-eabi/10.3.1/../../../arm-none-eabi/lib/thumb/v7e-m+fp/hard/libc.a(lib_a-localeconv.o)
                0x0000000008006030                __localeconv_l
                0x0000000008006034                _localeconv_r
                0x000000000800603c                localeconv
 .text          0x0000000008006044      0x554 /usr/lib/gcc/arm-none-eabi/10.3.1/../../../arm-none-eabi/lib/thumb/v7e-m+fp/hard/libc.a(lib_a-mallocr.o)
                0x0000000008006044                _malloc_r
 .text          0x0000000008006598       0x40 /usr/lib/gcc/arm-none-eabi/10.3.1/../../../arm-none-eabi/lib/thumb/v7e-m+fp/hard/libc.a(lib_a-mbtowc_r.o)
                0x0000000008006598                _mbtowc_r
                0x00000000080065ac                __ascii_mbtowc
 *fill*         0x00000000080065d8        0x8 
 .text          0x00000000080065e0       0xa0 /usr/lib/gcc/arm-none-eabi/10.3.1/../../../arm-none-eabi/lib/thumb/v7e-m+fp/hard/libc.a(lib_a-memchr.o)
                0x00000000080065e0                memchr
 .text          0x0000000008006680      0x134 /usr/lib/gcc/arm-none-eabi/10.3.1/../../../arm-none-eabi/lib/thumb/v7e-m+fp/hard/libc.a(lib_a-memcpy.o)
                0x0000000008006680                memcpy
 .text          0x00000000080067b4        0x8 /usr/lib/gcc/arm-none-eabi/10.3.1/../../../arm-none-eabi/lib/thumb/v7e-m+fp/hard/libc.a(lib_a-mlock.o)
                0x00000000080067b4                __malloc_lock
                0x00000000080067b8                __malloc_unlock
 .text          0x00000000080067bc      0xaa0 /usr/lib/gcc/arm-none-eabi/10.3.1/../../../arm-none-eabi/lib/thumb/v7e-m+fp/hard/libc.a(lib_a-mprec.o)
                0x00000000080067bc                _Balloc
                0x0000000008006808                _Bfree
                0x000000000800681c                __multadd
                0x00000000080068c4                __s2b
                0x0000000008006978                __hi0bits
                0x00000000080069b8                __lo0bits
                0x0000000008006a18                __i2b
                0x0000000008006a74                __multiply
                0x0000000008006bd0                __pow5mult
                0x0000000008006c90                __lshift
                0x0000000008006d80                __mcmp
                0x0000000008006dc4                __mdiff
                0x0000000008006f10                __ulp
                0x0000000008006f70                __b2d
                0x0000000008007030                __d2b
                0x0000000008007100                __ratio
                0x000000000800715c                _mprec_log10
                0x000000000800719c                __copybits
                0x00000000080071f8                __any_on
 *fill*         0x000000000800725c        0x4 
 .text          0x0000000008007260       0x10 /usr/lib/gcc/arm-none-eabi/10.3.1/../../../arm-none-eabi/lib/thumb/v7e-m+fp/hard/libc.a(lib_a-s_nan.o)
                0x0000000008007260                nan
 .text          0x0000000008007270       0x24 /usr/lib/gcc/arm-none-eabi/10.3.1/../../../arm-none-eabi/lib/thumb/v7e-m+fp/hard/libc.a(lib_a-sbrkr.o)
                0x0000000008007270                _sbrk_r
 .text          0x0000000008007294        0xc /usr/lib/gcc/arm-none-eabi/10.3.1/../../../arm-none-eabi/lib/thumb/v7e-m+fp/hard/libc.a(lib_a-sf_nan.o)
                0x0000000008007294                nanf
 .text          0x00000000080072a0      0x2dc /usr/lib/gcc/arm-none-eabi/10.3.1/../../../arm-none-eabi/lib/thumb/v7e-m+fp/hard/libc.a(lib_a-strcmp.o)
                0x00000000080072a8                strcmp
 *fill*         0x000000000800757c        0x4 
 .text          0x0000000008007580       0xdc /usr/lib/gcc/arm-none-eabi/10.3.1/../../../arm-none-eabi/lib/thumb/v7e-m+fp/hard/libc.a(lib_a-strlen.o)
                0x0000000008007580                strlen
 .text          0x000000000800765c       0x80 /usr/lib/gcc/arm-none-eabi/10.3.1/../../../arm-none-eabi/lib/thumb/v7e-m+fp/hard/libc.a(lib_a-strncmp.o)
                0x000000000800765c                strncmp
 .text          0x00000000080076dc      0xb54 /usr/lib/gcc/arm-none-eabi/10.3.1/../../../arm-none-eabi/lib/thumb/v7e-m+fp/hard/libc.a(lib_a-svfiprintf.o)
                0x00000000080076dc                __ssprint_r
                0x00000000080077d4                _svfiprintf_r
 .text          0x0000000008008230       0x30 /usr/lib/gcc/arm-none-eabi/10.3.1/../../../arm-none-eabi/lib/thumb/v7e-m+fp/hard/libc.a(lib_a-wctomb_r.o)
                0x0000000008008230                _wctomb_r
                0x0000000008008244                __ascii_wctomb
 .text          0x0000000008008260       0x4c /usr/lib/gcc/arm-none-eabi/10.3.1/../../../arm-none-eabi/lib/thumb/v7e-m+fp/hard/libc.a(lib_a-assert.o)
                0x0000000008008260                __assert_func
                0x00000000080082a0                __assert
 .text          0x00000000080082ac       0x60 /usr/lib/gcc/arm-none-eabi/10.3.1/../../../arm-none-eabi/lib/thumb/v7e-m+fp/hard/libc.a(lib_a-callocr.o)
                0x00000000080082ac                _calloc_r
 .text          0x000000000800830c       0x44 /usr/lib/gcc/arm-none-eabi/10.3.1/../../../arm-none-eabi/lib/thumb/v7e-m+fp/hard/libc.a(lib_a-fiprintf.o)
                0x000000000800830c                _fiprintf_r
                0x0000000008008328                fiprintf
 .text          0x0000000008008350      0x2ac /usr/lib/gcc/arm-none-eabi/10.3.1/../../../arm-none-eabi/lib/thumb/v7e-m+fp/hard/libc.a(lib_a-freer.o)
                0x0000000008008350                _malloc_trim_r
                0x00000000080083f0                _free_r
 .text          0x00000000080085fc       0xf8 /usr/lib/gcc/arm-none-eabi/10.3.1/../../../arm-none-eabi/lib/thumb/v7e-m+fp/hard/libc.a(lib_a-memmove.o)
                0x00000000080085fc                memmove
 .text          0x00000000080086f4      0x3d8 /usr/lib/gcc/arm-none-eabi/10.3.1/../../../arm-none-eabi/lib/thumb/v7e-m+fp/hard/libc.a(lib_a-reallocr.o)
                0x00000000080086f4                _realloc_r
 .text          0x0000000008008acc      0xd44 /usr/lib/gcc/arm-none-eabi/10.3.1/../../../arm-none-eabi/lib/thumb/v7e-m+fp/hard/libc.a(lib_a-vfiprintf.o)
                0x0000000008008b44                __sprint_r
                0x0000000008008b5c                _vfiprintf_r
                0x0000000008009788                vfiprintf
 .text          0x0000000008009810       0xd4 /usr/lib/gcc/arm-none-eabi/10.3.1/../../../arm-none-eabi/lib/thumb/v7e-m+fp/hard/libc.a(lib_a-wsetup.o)
                0x0000000008009810                __swsetup_r
 .text          0x00000000080098e4       0x10 /usr/lib/gcc/arm-none-eabi/10.3.1/../../../arm-none-eabi/lib/thumb/v7e-m+fp/hard/libc.a(lib_a-abort.o)
                0x00000000080098e4                abort
 .text          0x00000000080098f4      0x1ac /usr/lib/gcc/arm-none-eabi/10.3.1/../../../arm-none-eabi/lib/thumb/v7e-m+fp/hard/libc.a(lib_a-fflush.o)
                0x00000000080098f4                __sflush_r
                0x0000000008009a24                _fflush_r
                0x0000000008009a50                fflush
 .text          0x0000000008009aa0      0x218 /usr/lib/gcc/arm-none-eabi/10.3.1/../../../arm-none-eabi/lib/thumb/v7e-m+fp/hard/libc.a(lib_a-findfp.o)
                0x0000000008009aa4                _cleanup_r
                0x0000000008009b8c                __sfmoreglue
                0x0000000008009bbc                __sfp
                0x0000000008009c64                _cleanup
                0x0000000008009c78                __sinit
                0x0000000008009c80                __sfp_lock_acquire
                0x0000000008009c84                __sfp_lock_release
                0x0000000008009c88                __sinit_lock_acquire
                0x0000000008009c8c                __sinit_lock_release
                0x0000000008009c90                __fp_lock_all
                0x0000000008009ca4                __fp_unlock_all
 .text          0x0000000008009cb8      0x118 /usr/lib/gcc/arm-none-eabi/10.3.1/../../../arm-none-eabi/lib/thumb/v7e-m+fp/hard/libc.a(lib_a-fputwc.o)
                0x0000000008009cb8                __fputwc
                0x0000000008009d60                _fputwc_r
                0x0000000008009d88                fputwc
 .text          0x0000000008009dd0      0x2f0 /usr/lib/gcc/arm-none-eabi/10.3.1/../../../arm-none-eabi/lib/thumb/v7e-m+fp/hard/libc.a(lib_a-fvwrite.o)
                0x0000000008009dd0                __sfvwrite_r
 .text          0x000000000800a0c0       0x88 /usr/lib/gcc/arm-none-eabi/10.3.1/../../../arm-none-eabi/lib/thumb/v7e-m+fp/hard/libc.a(lib_a-fwalk.o)
                0x000000000800a0c0                _fwalk
                0x000000000800a100                _fwalk_reent
 .text          0x000000000800a148      0x140 /usr/lib/gcc/arm-none-eabi/10.3.1/../../../arm-none-eabi/lib/thumb/v7e-m+fp/hard/libc.a(lib_a-makebuf.o)
                0x000000000800a148                __smakebuf_r
                0x000000000800a228                __swhatbuf_r
 .text          0x000000000800a288      0x288 /usr/lib/gcc/arm-none-eabi/10.3.1/../../../arm-none-eabi/lib/thumb/v7e-m+fp/hard/libc.a(lib_a-signal.o)
                0x000000000800a288                _init_signal_r
                0x000000000800a2b8                _signal_r
                0x000000000800a304                _raise_r
                0x000000000800a35c                __sigtramp_r
                0x000000000800a3c0                raise
                0x000000000800a41c                signal
                0x000000000800a470                _init_signal
                0x000000000800a4a8                __sigtramp
 .text          0x000000000800a510       0x30 /usr/lib/gcc/arm-none-eabi/10.3.1/../../../arm-none-eabi/lib/thumb/v7e-m+fp/hard/libc.a(lib_a-signalr.o)
                0x000000000800a510                _kill_r
                0x000000000800a53c                _getpid_r
 .text          0x000000000800a540       0x90 /usr/lib/gcc/arm-none-eabi/10.3.1/../../../arm-none-eabi/lib/thumb/v7e-m+fp/hard/libc.a(lib_a-stdio.o)
                0x000000000800a540                __sread
                0x000000000800a564                __seofread
                0x000000000800a568                __swrite
                0x000000000800a5a8                __sseek
                0x000000000800a5c8                __sclose
 .text          0x000000000800a5d0       0xc8 /usr/lib/gcc/arm-none-eabi/10.3.1/../../../arm-none-eabi/lib/thumb/v7e-m+fp/hard/libc.a(lib_a-wbuf.o)
                0x000000000800a5d0                __swbuf_r
                0x000000000800a680                __swbuf
 .text          0x000000000800a698       0x88 /usr/lib/gcc/arm-none-eabi/10.3.1/../../../arm-none-eabi/lib/thumb/v7e-m+fp/hard/libc.a(lib_a-wcrtomb.o)
                0x000000000800a698                _wcrtomb_r
                0x000000000800a6d4                wcrtomb
 .text          0x000000000800a720       0x2c /usr/lib/gcc/arm-none-eabi/10.3.1/../../../arm-none-eabi/lib/thumb/v7e-m+fp/hard/libc.a(lib_a-writer.o)
                0x000000000800a720                _write_r
 .text          0x000000000800a74c       0x24 /usr/lib/gcc/arm-none-eabi/10.3.1/../../../arm-none-eabi/lib/thumb/v7e-m+fp/hard/libc.a(lib_a-closer.o)
                0x000000000800a74c                _close_r
 .text          0x000000000800a770       0xd4 /usr/lib/gcc/arm-none-eabi/10.3.1/../../../arm-none-eabi/lib/thumb/v7e-m+fp/hard/libc.a(lib_a-fclose.o)
                0x000000000800a7d4                _fclose_r
                0x000000000800a808                fclose
 .text          0x000000000800a844       0x2c /usr/lib/gcc/arm-none-eabi/10.3.1/../../../arm-none-eabi/lib/thumb/v7e-m+fp/hard/libc.a(lib_a-fstatr.o)
                0x000000000800a844                _fstat_r
 .text          0x000000000800a870       0x24 /usr/lib/gcc/arm-none-eabi/10.3.1/../../../arm-none-eabi/lib/thumb/v7e-m+fp/hard/libc.a(lib_a-isattyr.o)
                0x000000000800a870                _isatty_r
 .text          0x000000000800a894       0x2c /usr/lib/gcc/arm-none-eabi/10.3.1/../../../arm-none-eabi/lib/thumb/v7e-m+fp/hard/libc.a(lib_a-lseekr.o)
                0x000000000800a894                _lseek_r
 .text          0x000000000800a8c0       0x2c /usr/lib/gcc/arm-none-eabi/10.3.1/../../../arm-none-eabi/lib/thumb/v7e-m+fp/hard/libc.a(lib_a-readr.o)
                0x000000000800a8c0                _read_r
 .text          0x000000000800a8ec      0x378 /usr/lib/gcc/arm-none-eabi/10.3.1/thumb/v7e-m+fp/hard/libgcc.a(_arm_addsubdf3.o)
                0x000000000800a8ec                __aeabi_drsub
                0x000000000800a8f4                __aeabi_dsub
                0x000000000800a8f4                __subdf3
                0x000000000800a8f8                __adddf3
                0x000000000800a8f8                __aeabi_dadd
                0x000000000800ab70                __aeabi_ui2d
                0x000000000800ab70                __floatunsidf
                0x000000000800ab90                __floatsidf
                0x000000000800ab90                __aeabi_i2d
                0x000000000800abb4                __extendsfdf2
                0x000000000800abb4                __aeabi_f2d
                0x000000000800abf8                __aeabi_ul2d
                0x000000000800abf8                __floatundidf
                0x000000000800ac08                __floatdidf
                0x000000000800ac08                __aeabi_l2d
 .text          0x000000000800ac64      0x424 /usr/lib/gcc/arm-none-eabi/10.3.1/thumb/v7e-m+fp/hard/libgcc.a(_arm_muldivdf3.o)
                0x000000000800ac64                __aeabi_dmul
                0x000000000800ac64                __muldf3
                0x000000000800aeb8                __aeabi_ddiv
                0x000000000800aeb8                __divdf3
 .text          0x000000000800b088      0x110 /usr/lib/gcc/arm-none-eabi/10.3.1/thumb/v7e-m+fp/hard/libgcc.a(_arm_cmpdf2.o)
                0x000000000800b088                __gtdf2
                0x000000000800b088                __gedf2
                0x000000000800b090                __ltdf2
                0x000000000800b090                __ledf2
                0x000000000800b098                __cmpdf2
                0x000000000800b098                __eqdf2
                0x000000000800b098                __nedf2
                0x000000000800b114                __aeabi_cdrcmple
                0x000000000800b124                __aeabi_cdcmple
                0x000000000800b124                __aeabi_cdcmpeq
                0x000000000800b134                __aeabi_dcmpeq
                0x000000000800b148                __aeabi_dcmplt
                0x000000000800b15c                __aeabi_dcmple
                0x000000000800b170                __aeabi_dcmpge
                0x000000000800b184                __aeabi_dcmpgt
 .text          0x000000000800b198       0x2c /usr/lib/gcc/arm-none-eabi/10.3.1/thumb/v7e-m+fp/hard/libgcc.a(_arm_unorddf2.o)
                0x000000000800b198                __aeabi_dcmpun
                0x000000000800b198                __unorddf2
 .text          0x000000000800b1c4       0x50 /usr/lib/gcc/arm-none-eabi/10.3.1/thumb/v7e-m+fp/hard/libgcc.a(_arm_fixdfsi.o)
                0x000000000800b1c4                __fixdfsi
                0x000000000800b1c4                __aeabi_d2iz
 .text          0x000000000800b214       0x40 /usr/lib/gcc/arm-none-eabi/10.3.1/thumb/v7e-m+fp/hard/libgcc.a(_arm_fixunsdfsi.o)
                0x000000000800b214                __fixunsdfsi
                0x000000000800b214                __aeabi_d2uiz
 .text          0x000000000800b254       0xa0 /usr/lib/gcc/arm-none-eabi/10.3.1/thumb/v7e-m+fp/hard/libgcc.a(_arm_truncdfsf2.o)
                0x000000000800b254                __aeabi_d2f
                0x000000000800b254                __truncdfsf2
 .text          0x000000000800b2f4       0x30 /usr/lib/gcc/arm-none-eabi/10.3.1/thumb/v7e-m+fp/hard/libgcc.a(_aeabi_uldivmod.o)
                0x000000000800b2f4                __aeabi_uldivmod
 .text          0x000000000800b324       0x30 /usr/lib/gcc/arm-none-eabi/10.3.1/thumb/v7e-m+fp/hard/libgcc.a(_fixdfdi.o)
                0x000000000800b324                __aeabi_d2lz
                0x000000000800b324                __fixdfdi
 .text          0x000000000800b354       0x3c /usr/lib/gcc/arm-none-eabi/10.3.1/thumb/v7e-m+fp/hard/libgcc.a(_fixunsdfdi.o)
                0x000000000800b354                __aeabi_d2ulz
                0x000000000800b354                __fixunsdfdi
 .text          0x000000000800b390      0x2d0 /usr/lib/gcc/arm-none-eabi/10.3.1/thumb/v7e-m+fp/hard/libgcc.a(_udivmoddi4.o)
                0x000000000800b390                __udivmoddi4
 .text          0x000000000800b660        0x4 /usr/lib/gcc/arm-none-eabi/10.3.1/thumb/v7e-m+fp/hard/libgcc.a(_dvmd_tls.o)
                0x000000000800b660                __aeabi_ldiv0
                0x000000000800b660                __aeabi_idiv0
 .text          0x000000000800b664       0x10 /usr/lib/gcc/arm-none-eabi/10.3.1/../../../arm-none-eabi/lib/thumb/v7e-m+fp/hard/libnosys.a(close.o)
                0x000000000800b664                _close
 .text          0x000000000800b674       0x10 /usr/lib/gcc/arm-none-eabi/10.3.1/../../../arm-none-eabi/lib/thumb/v7e-m+fp/hard/libnosys.a(fstat.o)
                0x000000000800b674                _fstat
 .text          0x000000000800b684       0x10 /usr/lib/gcc/arm-none-eabi/10.3.1/../../../arm-none-eabi/lib/thumb/v7e-m+fp/hard/libnosys.a(getpid.o)
                0x000000000800b684                _getpid
 .text          0x000000000800b694       0x10 /usr/lib/gcc/arm-none-eabi/10.3.1/../../../arm-none-eabi/lib/thumb/v7e-m+fp/hard/libnosys.a(isatty.o)
                0x000000000800b694                _isatty
 .text          0x000000000800b6a4       0x10 /usr/lib/gcc/arm-none-eabi/10.3.1/../../../arm-none-eabi/lib/thumb/v7e-m+fp/hard/libnosys.a(kill.o)
                0x000000000800b6a4                _kill
 .text          0x000000000800b6b4       0x10 /usr/lib/gcc/arm-none-eabi/10.3.1/../../../arm-none-eabi/lib/thumb/v7e-m+fp/hard/libnosys.a(lseek.o)
                0x000000000800b6b4                _lseek
 .text          0x000000000800b6c4       0x10 /usr/lib/gcc/arm-none-eabi/10.3.1/../../../arm-none-eabi/lib/thumb/v7e-m+fp/hard/libnosys.a(read.o)
                0x000000000800b6c4                _read
 .text          0x000000000800b6d4       0x1c /usr/lib/gcc/arm-none-eabi/10.3.1/../../../arm-none-eabi/lib/thumb/v7e-m+fp/hard/libnosys.a(sbrk.o)
                0x000000000800b6d4                _sbrk
 .text          0x000000000800b6f0       0x10 /usr/lib/gcc/arm-none-eabi/10.3.1/../../../arm-none-eabi/lib/thumb/v7e-m+fp/hard/libnosys.a(write.o)
                0x000000000800b6f0                _write
 .text          0x000000000800b700        0x4 /usr/lib/gcc/arm-none-eabi/10.3.1/../../../arm-none-eabi/lib/thumb/v7e-m+fp/hard/libnosys.a(_exit.o)
                0x000000000800b700                _exit
                0x000000000800b704                . = ALIGN (0x4)
 *(.rodata*)
 .rodata.sdram_pins
                0x000000000800b704       0x30 sdram.o
 .rodata.print_hex.isra.0.str1.1
                0x000000000800b734        0x3 lcd-spi.o
 .rodata.lcd_spi_init.str1.1
                0x000000000800b737       0x62 lcd-spi.o
 .rodata.cmd_args
                0x000000000800b799       0x3a lcd-spi.o
 *fill*         0x000000000800b7d3        0x1 
 .rodata.initialization
                0x000000000800b7d4       0x50 lcd-spi.o
                0x000000000800b7d4                initialization
 .rodata.mcm_font
                0x000000000800b824      0x480 gfx.o
 .rodata.ALERT.str1.1
                0x000000000800bca4        0xa lcd-serial.o
 .rodata.PW_State.str1.1
                0x000000000800bcae        0x2 lcd-serial.o
 .rodata.main.str1.1
                0x000000000800bcb0       0x43 lcd-serial.o
                                         0x45 (size before relaxing)
 .rodata.CSWTCH.2
                0x000000000800bcf3        0x3 ../../../../../libopencm3//lib/libopencm3_stm32f4.a(fmc_common_f47.o)
 *fill*         0x000000000800bcf6        0x2 
 .rodata.rcc_hse_8mhz_3v3
                0x000000000800bcf8       0x70 ../../../../../libopencm3//lib/libopencm3_stm32f4.a(rcc.o)
                0x000000000800bcf8                rcc_hse_8mhz_3v3
 .rodata.str1.4
                0x000000000800bd68        0xf /usr/lib/gcc/arm-none-eabi/10.3.1/../../../arm-none-eabi/lib/thumb/v7e-m+fp/hard/libc.a(lib_a-strtod.o)
                                         0x11 (size before relaxing)
 *fill*         0x000000000800bd77        0x1 
 .rodata        0x000000000800bd78       0x50 /usr/lib/gcc/arm-none-eabi/10.3.1/../../../arm-none-eabi/lib/thumb/v7e-m+fp/hard/libc.a(lib_a-strtod.o)
 .rodata.str1.4
                0x000000000800bdc8       0x42 /usr/lib/gcc/arm-none-eabi/10.3.1/../../../arm-none-eabi/lib/thumb/v7e-m+fp/hard/libc.a(lib_a-svfprintf.o)
 *fill*         0x000000000800be0a        0x2 
 .rodata        0x000000000800be0c       0x20 /usr/lib/gcc/arm-none-eabi/10.3.1/../../../arm-none-eabi/lib/thumb/v7e-m+fp/hard/libc.a(lib_a-svfprintf.o)
 .rodata.str1.4
                0x000000000800be2c       0x56 /usr/lib/gcc/arm-none-eabi/10.3.1/../../../arm-none-eabi/lib/thumb/v7e-m+fp/hard/libc.a(lib_a-dtoa.o)
                                         0x5a (size before relaxing)
 *fill*         0x000000000800be82        0x2 
 .rodata.str1.4
                0x000000000800be84       0x3a /usr/lib/gcc/arm-none-eabi/10.3.1/../../../arm-none-eabi/lib/thumb/v7e-m+fp/hard/libc.a(lib_a-gdtoa-gethex.o)
                                         0x4e (size before relaxing)
 *fill*         0x000000000800bebe        0x2 
 .rodata        0x000000000800bec0      0x100 /usr/lib/gcc/arm-none-eabi/10.3.1/../../../arm-none-eabi/lib/thumb/v7e-m+fp/hard/libc.a(lib_a-gdtoa-gethex.o)
                0x000000000800bec0                __hexdig
 .rodata        0x000000000800bfc0        0x4 /usr/lib/gcc/arm-none-eabi/10.3.1/../../../arm-none-eabi/lib/thumb/v7e-m+fp/hard/libc.a(lib_a-impure.o)
                0x000000000800bfc0                _global_impure_ptr
 .rodata.str1.4
                0x000000000800bfc4        0x2 /usr/lib/gcc/arm-none-eabi/10.3.1/../../../arm-none-eabi/lib/thumb/v7e-m+fp/hard/libc.a(lib_a-lnumeric.o)
                                          0x5 (size before relaxing)
 *fill*         0x000000000800bfc6        0x2 
 .rodata        0x000000000800bfc8        0xc /usr/lib/gcc/arm-none-eabi/10.3.1/../../../arm-none-eabi/lib/thumb/v7e-m+fp/hard/libc.a(lib_a-lnumeric.o)
                0x000000000800bfc8                _C_numeric_locale
 .rodata.str1.4
                0x000000000800bfd4        0xa /usr/lib/gcc/arm-none-eabi/10.3.1/../../../arm-none-eabi/lib/thumb/v7e-m+fp/hard/libc.a(lib_a-locale.o)
                                         0x12 (size before relaxing)
 *fill*         0x000000000800bfde        0x2 
 .rodata.str1.4
                0x000000000800bfe0       0x33 /usr/lib/gcc/arm-none-eabi/10.3.1/../../../arm-none-eabi/lib/thumb/v7e-m+fp/hard/libc.a(lib_a-mprec.o)
                                         0x47 (size before relaxing)
 *fill*         0x000000000800c013        0x5 
 .rodata        0x000000000800c018      0x128 /usr/lib/gcc/arm-none-eabi/10.3.1/../../../arm-none-eabi/lib/thumb/v7e-m+fp/hard/libc.a(lib_a-mprec.o)
                0x000000000800c028                __mprec_tens
                0x000000000800c0f0                __mprec_tinytens
                0x000000000800c118                __mprec_bigtens
 .rodata.str1.4
                0x000000000800c140       0x2f /usr/lib/gcc/arm-none-eabi/10.3.1/../../../arm-none-eabi/lib/thumb/v7e-m+fp/hard/libc.a(lib_a-svfiprintf.o)
 .rodata        0x000000000800c140       0x20 /usr/lib/gcc/arm-none-eabi/10.3.1/../../../arm-none-eabi/lib/thumb/v7e-m+fp/hard/libc.a(lib_a-svfiprintf.o)
 .rodata.str1.4
                0x000000000800c160       0x3f /usr/lib/gcc/arm-none-eabi/10.3.1/../../../arm-none-eabi/lib/thumb/v7e-m+fp/hard/libc.a(lib_a-assert.o)
                                         0x43 (size before relaxing)
 *fill*         0x000000000800c19f        0x1 
 .rodata        0x000000000800c1a0      0x101 /usr/lib/gcc/arm-none-eabi/10.3.1/../../../arm-none-eabi/lib/thumb/v7e-m+fp/hard/libc.a(lib_a-ctype_.o)
                0x000000000800c1a0                _ctype_
 .rodata.str1.4
                0x000000000800c2a1       0x2f /usr/lib/gcc/arm-none-eabi/10.3.1/../../../arm-none-eabi/lib/thumb/v7e-m+fp/hard/libc.a(lib_a-vfiprintf.o)
 *fill*         0x000000000800c2a1        0x3 
 .rodata        0x000000000800c2a4       0x20 /usr/lib/gcc/arm-none-eabi/10.3.1/../../../arm-none-eabi/lib/thumb/v7e-m+fp/hard/libc.a(lib_a-vfiprintf.o)
                0x000000000800c2c4                . = ALIGN (0x4)

.glue_7         0x000000000800c2c4        0x0
 .glue_7        0x000000000800c2c4        0x0 linker stubs

.glue_7t        0x000000000800c2c4        0x0
 .glue_7t       0x000000000800c2c4        0x0 linker stubs

.vfp11_veneer   0x000000000800c2c4        0x0
 .vfp11_veneer  0x000000000800c2c4        0x0 linker stubs

.v4_bx          0x000000000800c2c4        0x0
 .v4_bx         0x000000000800c2c4        0x0 linker stubs

.iplt           0x000000000800c2c4        0x0
 .iplt          0x000000000800c2c4        0x0 sdram.o

.preinit_array  0x000000000800c2c4        0x0
                0x000000000800c2c4                . = ALIGN (0x4)
                0x000000000800c2c4                __preinit_array_start = .
 *(.preinit_array)
                0x000000000800c2c4                __preinit_array_end = .

.init_array     0x000000000800c2c4        0x0
                0x000000000800c2c4                . = ALIGN (0x4)
                0x000000000800c2c4                __init_array_start = .
 *(SORT_BY_NAME(.init_array.*))
 *(.init_array)
                0x000000000800c2c4                __init_array_end = .

.fini_array     0x000000000800c2c4        0x0
                0x000000000800c2c4                . = ALIGN (0x4)
                0x000000000800c2c4                __fini_array_start = .
 *(.fini_array)
 *(SORT_BY_NAME(.fini_array.*))
                0x000000000800c2c4                __fini_array_end = .

.ARM.extab
 *(.ARM.extab*)

.ARM.exidx      0x000000000800c2c4        0x8
                0x000000000800c2c4                __exidx_start = .
 *(.ARM.exidx*)
 .ARM.exidx     0x000000000800c2c4        0x8 /usr/lib/gcc/arm-none-eabi/10.3.1/thumb/v7e-m+fp/hard/libgcc.a(_udivmoddi4.o)
                0x000000000800c2cc                __exidx_end = .

.rel.dyn        0x000000000800c2cc        0x0
 .rel.iplt      0x000000000800c2cc        0x0 sdram.o
                0x000000000800c2cc                . = ALIGN (0x4)
                0x000000000800c2cc                _etext = .

.noinit
 *(.noinit*)
                0x000000000800c2cc                . = ALIGN (0x4)

.data           0x0000000020000000      0x9d8 load address 0x000000000800c2cc
                0x0000000020000000                _data = .
 *(.data*)
 .data.timing   0x0000000020000000       0x1c sdram.o
 .data.rcc_ahb_frequency
                0x000000002000001c        0x4 ../../../../../libopencm3//lib/libopencm3_stm32f4.a(rcc.o)
                0x000000002000001c                rcc_ahb_frequency
 .data.rcc_apb1_frequency
                0x0000000020000020        0x4 ../../../../../libopencm3//lib/libopencm3_stm32f4.a(rcc.o)
                0x0000000020000020                rcc_apb1_frequency
 .data.rcc_apb2_frequency
                0x0000000020000024        0x4 ../../../../../libopencm3//lib/libopencm3_stm32f4.a(rcc.o)
                0x0000000020000024                rcc_apb2_frequency
 .data          0x0000000020000028      0x430 /usr/lib/gcc/arm-none-eabi/10.3.1/../../../arm-none-eabi/lib/thumb/v7e-m+fp/hard/libc.a(lib_a-impure.o)
                0x0000000020000028                _impure_ptr
 .data          0x0000000020000458        0x2 /usr/lib/gcc/arm-none-eabi/10.3.1/../../../arm-none-eabi/lib/thumb/v7e-m+fp/hard/libc.a(lib_a-lnumeric.o)
 *fill*         0x000000002000045a        0x2 
 .data          0x000000002000045c      0x16c /usr/lib/gcc/arm-none-eabi/10.3.1/../../../arm-none-eabi/lib/thumb/v7e-m+fp/hard/libc.a(lib_a-locale.o)
                0x000000002000045c                __global_locale
 .data          0x00000000200005c8      0x410 /usr/lib/gcc/arm-none-eabi/10.3.1/../../../arm-none-eabi/lib/thumb/v7e-m+fp/hard/libc.a(lib_a-mallocr.o)
                0x00000000200005c8                __malloc_av_
                0x00000000200009d0                __malloc_sbrk_base
                0x00000000200009d4                __malloc_trim_threshold
 *(.ramtext*)
                0x00000000200009d8                . = ALIGN (0x4)
                0x00000000200009d8                _edata = .
                0x000000000800c2cc                _data_loadaddr = LOADADDR (.data)

.igot.plt       0x00000000200009d8        0x0 load address 0x000000000800cca4
 .igot.plt      0x00000000200009d8        0x0 sdram.o

.bss            0x00000000200009d8       0xec load address 0x000000000800cca4
 *(.bss*)
 .bss.system_millis
                0x00000000200009d8        0x4 clock.o
 .bss.recv_buf  0x00000000200009dc       0x80 console.o
                0x00000000200009dc                recv_buf
 .bss.recv_ndx_cur
                0x0000000020000a5c        0x4 console.o
                0x0000000020000a5c                recv_ndx_cur
 .bss.recv_ndx_nxt
                0x0000000020000a60        0x4 console.o
                0x0000000020000a60                recv_ndx_nxt
 .bss.cur_frame
                0x0000000020000a64        0x4 lcd-spi.o
                0x0000000020000a64                cur_frame
 .bss.display_frame
                0x0000000020000a68        0x4 lcd-spi.o
                0x0000000020000a68                display_frame
 .bss.__gfx_state
                0x0000000020000a6c       0x14 gfx.o
                0x0000000020000a6c                __gfx_state
 .bss.pw_state  0x0000000020000a80        0x4 lcd-serial.o
                0x0000000020000a80                pw_state
 .bss.state     0x0000000020000a84        0x4 lcd-serial.o
                0x0000000020000a84                state
 .bss           0x0000000020000a88       0x34 /usr/lib/gcc/arm-none-eabi/10.3.1/../../../arm-none-eabi/lib/thumb/v7e-m+fp/hard/libc.a(lib_a-mallocr.o)
                0x0000000020000a88                __malloc_top_pad
                0x0000000020000a8c                __malloc_current_mallinfo
                0x0000000020000ab4                __malloc_max_sbrked_mem
                0x0000000020000ab8                __malloc_max_total_mem
 .bss           0x0000000020000abc        0x4 /usr/lib/gcc/arm-none-eabi/10.3.1/../../../arm-none-eabi/lib/thumb/v7e-m+fp/hard/libc.a(lib_a-reent.o)
                0x0000000020000abc                errno
 .bss           0x0000000020000ac0        0x4 /usr/lib/gcc/arm-none-eabi/10.3.1/../../../arm-none-eabi/lib/thumb/v7e-m+fp/hard/libnosys.a(sbrk.o)
 *(COMMON)
                0x0000000020000ac4                . = ALIGN (0x4)
                0x0000000020000ac4                _ebss = .

/DISCARD/
 *(.eh_frame)
                0x0000000020000ac4                . = ALIGN (0x4)
                0x0000000020000ac4                end = .
                0x0000000020030000                PROVIDE (_stack = (ORIGIN (ram) + LENGTH (ram)))
OUTPUT(lcd-serial.elf elf32-littlearm)
LOAD linker stubs

.debug_info     0x0000000000000000    0x31100
 .debug_info    0x0000000000000000      0x87e sdram.o
 .debug_info    0x000000000000087e      0x2fc clock.o
 .debug_info    0x0000000000000b7a      0x947 console.o
 .debug_info    0x00000000000014c1      0xd88 lcd-spi.o
 .debug_info    0x0000000000002249     0x1813 gfx.o
 .debug_info    0x0000000000003a5c     0x207e lcd-serial.o
 .debug_info    0x0000000000005ada      0x8c5 ../../../../../libopencm3//lib/libopencm3_stm32f4.a(adc_common_v1.o)
 .debug_info    0x000000000000639f      0x3c3 ../../../../../libopencm3//lib/libopencm3_stm32f4.a(adc_common_v1_multi.o)
 .debug_info    0x0000000000006762      0x18d ../../../../../libopencm3//lib/libopencm3_stm32f4.a(adc_common_f47.o)
 .debug_info    0x00000000000068ef      0x209 ../../../../../libopencm3//lib/libopencm3_stm32f4.a(fmc_common_f47.o)
 .debug_info    0x0000000000006af8      0x24e ../../../../../libopencm3//lib/libopencm3_stm32f4.a(gpio_common_all.o)
 .debug_info    0x0000000000006d46      0x20f ../../../../../libopencm3//lib/libopencm3_stm32f4.a(gpio_common_f0234.o)
 .debug_info    0x0000000000006f55      0x950 ../../../../../libopencm3//lib/libopencm3_stm32f4.a(rcc_common_all.o)
 .debug_info    0x00000000000078a5     0x1027 ../../../../../libopencm3//lib/libopencm3_stm32f4.a(rcc.o)
 .debug_info    0x00000000000088cc      0x81c ../../../../../libopencm3//lib/libopencm3_stm32f4.a(spi_common_all.o)
 .debug_info    0x00000000000090e8      0x15e ../../../../../libopencm3//lib/libopencm3_stm32f4.a(spi_common_v1.o)
 .debug_info    0x0000000000009246      0x5ac ../../../../../libopencm3//lib/libopencm3_stm32f4.a(usart_common_all.o)
 .debug_info    0x00000000000097f2      0x2e6 ../../../../../libopencm3//lib/libopencm3_stm32f4.a(vector.o)
 .debug_info    0x0000000000009ad8      0x268 ../../../../../libopencm3//lib/libopencm3_stm32f4.a(systick.o)
 .debug_info    0x0000000000009d40       0xd2 ../../../../../libopencm3//lib/libopencm3_stm32f4.a(scb.o)
 .debug_info    0x0000000000009e12      0x22d ../../../../../libopencm3//lib/libopencm3_stm32f4.a(nvic.o)
 .debug_info    0x000000000000a03f       0xf0 ../../../../../libopencm3//lib/libopencm3_stm32f4.a(flash_common_all.o)
 .debug_info    0x000000000000a12f       0xe8 ../../../../../libopencm3//lib/libopencm3_stm32f4.a(flash_common_idcache.o)
 .debug_info    0x000000000000a217       0xdc ../../../../../libopencm3//lib/libopencm3_stm32f4.a(pwr.o)
 .debug_info    0x000000000000a2f3      0x137 /usr/lib/gcc/arm-none-eabi/10.3.1/../../../arm-none-eabi/lib/thumb/v7e-m+fp/hard/libc.a(lib_a-memset.o)
 .debug_info    0x000000000000a42a      0xa8c /usr/lib/gcc/arm-none-eabi/10.3.1/../../../arm-none-eabi/lib/thumb/v7e-m+fp/hard/libc.a(lib_a-sprintf.o)
 .debug_info    0x000000000000aeb6      0x125 /usr/lib/gcc/arm-none-eabi/10.3.1/../../../arm-none-eabi/lib/thumb/v7e-m+fp/hard/libc.a(lib_a-strcat.o)
 .debug_info    0x000000000000afdb       0xc4 /usr/lib/gcc/arm-none-eabi/10.3.1/../../../arm-none-eabi/lib/thumb/v7e-m+fp/hard/libc.a(lib_a-strcpy.o)
 .debug_info    0x000000000000b09f     0x1edf /usr/lib/gcc/arm-none-eabi/10.3.1/../../../arm-none-eabi/lib/thumb/v7e-m+fp/hard/libc.a(lib_a-strtod.o)
 .debug_info    0x000000000000cf7e     0x1929 /usr/lib/gcc/arm-none-eabi/10.3.1/../../../arm-none-eabi/lib/thumb/v7e-m+fp/hard/libc.a(lib_a-svfprintf.o)
 .debug_info    0x000000000000e8a7     0x1a53 /usr/lib/gcc/arm-none-eabi/10.3.1/../../../arm-none-eabi/lib/thumb/v7e-m+fp/hard/libc.a(lib_a-dtoa.o)
 .debug_info    0x00000000000102fa     0x14aa /usr/lib/gcc/arm-none-eabi/10.3.1/../../../arm-none-eabi/lib/thumb/v7e-m+fp/hard/libc.a(lib_a-gdtoa-gethex.o)
 .debug_info    0x00000000000117a4      0x3e8 /usr/lib/gcc/arm-none-eabi/10.3.1/../../../arm-none-eabi/lib/thumb/v7e-m+fp/hard/libc.a(lib_a-gdtoa-hexnan.o)
 .debug_info    0x0000000000011b8c      0x92a /usr/lib/gcc/arm-none-eabi/10.3.1/../../../arm-none-eabi/lib/thumb/v7e-m+fp/hard/libc.a(lib_a-impure.o)
 .debug_info    0x00000000000124b6      0xc46 /usr/lib/gcc/arm-none-eabi/10.3.1/../../../arm-none-eabi/lib/thumb/v7e-m+fp/hard/libc.a(lib_a-lnumeric.o)
 .debug_info    0x00000000000130fc      0xe0a /usr/lib/gcc/arm-none-eabi/10.3.1/../../../arm-none-eabi/lib/thumb/v7e-m+fp/hard/libc.a(lib_a-locale.o)
 .debug_info    0x0000000000013f06      0xc3e /usr/lib/gcc/arm-none-eabi/10.3.1/../../../arm-none-eabi/lib/thumb/v7e-m+fp/hard/libc.a(lib_a-localeconv.o)
 .debug_info    0x0000000000014b44      0xe95 /usr/lib/gcc/arm-none-eabi/10.3.1/../../../arm-none-eabi/lib/thumb/v7e-m+fp/hard/libc.a(lib_a-mallocr.o)
 .debug_info    0x00000000000159d9      0xccd /usr/lib/gcc/arm-none-eabi/10.3.1/../../../arm-none-eabi/lib/thumb/v7e-m+fp/hard/libc.a(lib_a-mbtowc_r.o)
 .debug_info    0x00000000000166a6       0x26 /usr/lib/gcc/arm-none-eabi/10.3.1/../../../arm-none-eabi/lib/thumb/v7e-m+fp/hard/libc.a(lib_a-memchr.o)
 .debug_info    0x00000000000166cc       0x26 /usr/lib/gcc/arm-none-eabi/10.3.1/../../../arm-none-eabi/lib/thumb/v7e-m+fp/hard/libc.a(lib_a-memcpy.o)
 .debug_info    0x00000000000166f2      0x942 /usr/lib/gcc/arm-none-eabi/10.3.1/../../../arm-none-eabi/lib/thumb/v7e-m+fp/hard/libc.a(lib_a-mlock.o)
 .debug_info    0x0000000000017034     0x20d2 /usr/lib/gcc/arm-none-eabi/10.3.1/../../../arm-none-eabi/lib/thumb/v7e-m+fp/hard/libc.a(lib_a-mprec.o)
 .debug_info    0x0000000000019106       0xcc /usr/lib/gcc/arm-none-eabi/10.3.1/../../../arm-none-eabi/lib/thumb/v7e-m+fp/hard/libc.a(lib_a-s_nan.o)
 .debug_info    0x00000000000191d2      0x98e /usr/lib/gcc/arm-none-eabi/10.3.1/../../../arm-none-eabi/lib/thumb/v7e-m+fp/hard/libc.a(lib_a-sbrkr.o)
 .debug_info    0x0000000000019b60       0xc8 /usr/lib/gcc/arm-none-eabi/10.3.1/../../../arm-none-eabi/lib/thumb/v7e-m+fp/hard/libc.a(lib_a-sf_nan.o)
 .debug_info    0x0000000000019c28       0x26 /usr/lib/gcc/arm-none-eabi/10.3.1/../../../arm-none-eabi/lib/thumb/v7e-m+fp/hard/libc.a(lib_a-strcmp.o)
 .debug_info    0x0000000000019c4e       0x26 /usr/lib/gcc/arm-none-eabi/10.3.1/../../../arm-none-eabi/lib/thumb/v7e-m+fp/hard/libc.a(lib_a-strlen.o)
 .debug_info    0x0000000000019c74      0x110 /usr/lib/gcc/arm-none-eabi/10.3.1/../../../arm-none-eabi/lib/thumb/v7e-m+fp/hard/libc.a(lib_a-strncmp.o)
 .debug_info    0x0000000000019d84     0x1367 /usr/lib/gcc/arm-none-eabi/10.3.1/../../../arm-none-eabi/lib/thumb/v7e-m+fp/hard/libc.a(lib_a-svfiprintf.o)
 .debug_info    0x000000000001b0eb      0xc86 /usr/lib/gcc/arm-none-eabi/10.3.1/../../../arm-none-eabi/lib/thumb/v7e-m+fp/hard/libc.a(lib_a-wctomb_r.o)
 .debug_info    0x000000000001bd71      0xa23 /usr/lib/gcc/arm-none-eabi/10.3.1/../../../arm-none-eabi/lib/thumb/v7e-m+fp/hard/libc.a(lib_a-assert.o)
 .debug_info    0x000000000001c794      0xa81 /usr/lib/gcc/arm-none-eabi/10.3.1/../../../arm-none-eabi/lib/thumb/v7e-m+fp/hard/libc.a(lib_a-callocr.o)
 .debug_info    0x000000000001d215       0xb8 /usr/lib/gcc/arm-none-eabi/10.3.1/../../../arm-none-eabi/lib/thumb/v7e-m+fp/hard/libc.a(lib_a-ctype_.o)
 .debug_info    0x000000000001d2cd      0xa5f /usr/lib/gcc/arm-none-eabi/10.3.1/../../../arm-none-eabi/lib/thumb/v7e-m+fp/hard/libc.a(lib_a-fiprintf.o)
 .debug_info    0x000000000001dd2c      0xd10 /usr/lib/gcc/arm-none-eabi/10.3.1/../../../arm-none-eabi/lib/thumb/v7e-m+fp/hard/libc.a(lib_a-freer.o)
 .debug_info    0x000000000001ea3c      0x152 /usr/lib/gcc/arm-none-eabi/10.3.1/../../../arm-none-eabi/lib/thumb/v7e-m+fp/hard/libc.a(lib_a-memmove.o)
 .debug_info    0x000000000001eb8e      0xdb4 /usr/lib/gcc/arm-none-eabi/10.3.1/../../../arm-none-eabi/lib/thumb/v7e-m+fp/hard/libc.a(lib_a-reallocr.o)
 .debug_info    0x000000000001f942      0xbda /usr/lib/gcc/arm-none-eabi/10.3.1/../../../arm-none-eabi/lib/thumb/v7e-m+fp/hard/libc.a(lib_a-reent.o)
 .debug_info    0x000000000002051c     0x1926 /usr/lib/gcc/arm-none-eabi/10.3.1/../../../arm-none-eabi/lib/thumb/v7e-m+fp/hard/libc.a(lib_a-vfiprintf.o)
 .debug_info    0x0000000000021e42      0x9c2 /usr/lib/gcc/arm-none-eabi/10.3.1/../../../arm-none-eabi/lib/thumb/v7e-m+fp/hard/libc.a(lib_a-wsetup.o)
 .debug_info    0x0000000000022804       0xcb /usr/lib/gcc/arm-none-eabi/10.3.1/../../../arm-none-eabi/lib/thumb/v7e-m+fp/hard/libc.a(lib_a-abort.o)
 .debug_info    0x00000000000228cf      0xbe3 /usr/lib/gcc/arm-none-eabi/10.3.1/../../../arm-none-eabi/lib/thumb/v7e-m+fp/hard/libc.a(lib_a-fflush.o)
 .debug_info    0x00000000000234b2      0xf66 /usr/lib/gcc/arm-none-eabi/10.3.1/../../../arm-none-eabi/lib/thumb/v7e-m+fp/hard/libc.a(lib_a-findfp.o)
 .debug_info    0x0000000000024418      0xc12 /usr/lib/gcc/arm-none-eabi/10.3.1/../../../arm-none-eabi/lib/thumb/v7e-m+fp/hard/libc.a(lib_a-fputwc.o)
 .debug_info    0x000000000002502a      0xcc4 /usr/lib/gcc/arm-none-eabi/10.3.1/../../../arm-none-eabi/lib/thumb/v7e-m+fp/hard/libc.a(lib_a-fvwrite.o)
 .debug_info    0x0000000000025cee      0xa66 /usr/lib/gcc/arm-none-eabi/10.3.1/../../../arm-none-eabi/lib/thumb/v7e-m+fp/hard/libc.a(lib_a-fwalk.o)
 .debug_info    0x0000000000026754      0xdf2 /usr/lib/gcc/arm-none-eabi/10.3.1/../../../arm-none-eabi/lib/thumb/v7e-m+fp/hard/libc.a(lib_a-makebuf.o)
 .debug_info    0x0000000000027546      0xf32 /usr/lib/gcc/arm-none-eabi/10.3.1/../../../arm-none-eabi/lib/thumb/v7e-m+fp/hard/libc.a(lib_a-signal.o)
 .debug_info    0x0000000000028478      0x9d7 /usr/lib/gcc/arm-none-eabi/10.3.1/../../../arm-none-eabi/lib/thumb/v7e-m+fp/hard/libc.a(lib_a-signalr.o)
 .debug_info    0x0000000000028e4f      0xc22 /usr/lib/gcc/arm-none-eabi/10.3.1/../../../arm-none-eabi/lib/thumb/v7e-m+fp/hard/libc.a(lib_a-stdio.o)
 .debug_info    0x0000000000029a71      0xa5f /usr/lib/gcc/arm-none-eabi/10.3.1/../../../arm-none-eabi/lib/thumb/v7e-m+fp/hard/libc.a(lib_a-wbuf.o)
 .debug_info    0x000000000002a4d0      0xd4f /usr/lib/gcc/arm-none-eabi/10.3.1/../../../arm-none-eabi/lib/thumb/v7e-m+fp/hard/libc.a(lib_a-wcrtomb.o)
 .debug_info    0x000000000002b21f      0x9c0 /usr/lib/gcc/arm-none-eabi/10.3.1/../../../arm-none-eabi/lib/thumb/v7e-m+fp/hard/libc.a(lib_a-writer.o)
 .debug_info    0x000000000002bbdf      0x96b /usr/lib/gcc/arm-none-eabi/10.3.1/../../../arm-none-eabi/lib/thumb/v7e-m+fp/hard/libc.a(lib_a-closer.o)
 .debug_info    0x000000000002c54a      0xb4a /usr/lib/gcc/arm-none-eabi/10.3.1/../../../arm-none-eabi/lib/thumb/v7e-m+fp/hard/libc.a(lib_a-fclose.o)
 .debug_info    0x000000000002d094      0xb83 /usr/lib/gcc/arm-none-eabi/10.3.1/../../../arm-none-eabi/lib/thumb/v7e-m+fp/hard/libc.a(lib_a-fstatr.o)
 .debug_info    0x000000000002dc17      0x96b /usr/lib/gcc/arm-none-eabi/10.3.1/../../../arm-none-eabi/lib/thumb/v7e-m+fp/hard/libc.a(lib_a-isattyr.o)
 .debug_info    0x000000000002e582      0x9a1 /usr/lib/gcc/arm-none-eabi/10.3.1/../../../arm-none-eabi/lib/thumb/v7e-m+fp/hard/libc.a(lib_a-lseekr.o)
 .debug_info    0x000000000002ef23      0x9b9 /usr/lib/gcc/arm-none-eabi/10.3.1/../../../arm-none-eabi/lib/thumb/v7e-m+fp/hard/libc.a(lib_a-readr.o)
 .debug_info    0x000000000002f8dc       0x26 /usr/lib/gcc/arm-none-eabi/10.3.1/thumb/v7e-m+fp/hard/libgcc.a(_arm_addsubdf3.o)
 .debug_info    0x000000000002f902       0x26 /usr/lib/gcc/arm-none-eabi/10.3.1/thumb/v7e-m+fp/hard/libgcc.a(_arm_muldivdf3.o)
 .debug_info    0x000000000002f928       0x26 /usr/lib/gcc/arm-none-eabi/10.3.1/thumb/v7e-m+fp/hard/libgcc.a(_arm_cmpdf2.o)
 .debug_info    0x000000000002f94e       0x26 /usr/lib/gcc/arm-none-eabi/10.3.1/thumb/v7e-m+fp/hard/libgcc.a(_arm_unorddf2.o)
 .debug_info    0x000000000002f974       0x26 /usr/lib/gcc/arm-none-eabi/10.3.1/thumb/v7e-m+fp/hard/libgcc.a(_arm_fixdfsi.o)
 .debug_info    0x000000000002f99a       0x26 /usr/lib/gcc/arm-none-eabi/10.3.1/thumb/v7e-m+fp/hard/libgcc.a(_arm_fixunsdfsi.o)
 .debug_info    0x000000000002f9c0       0x26 /usr/lib/gcc/arm-none-eabi/10.3.1/thumb/v7e-m+fp/hard/libgcc.a(_arm_truncdfsf2.o)
 .debug_info    0x000000000002f9e6       0x26 /usr/lib/gcc/arm-none-eabi/10.3.1/thumb/v7e-m+fp/hard/libgcc.a(_aeabi_uldivmod.o)
 .debug_info    0x000000000002fa0c      0x303 /usr/lib/gcc/arm-none-eabi/10.3.1/thumb/v7e-m+fp/hard/libgcc.a(_fixdfdi.o)
 .debug_info    0x000000000002fd0f      0x366 /usr/lib/gcc/arm-none-eabi/10.3.1/thumb/v7e-m+fp/hard/libgcc.a(_fixunsdfdi.o)
 .debug_info    0x0000000000030075      0x717 /usr/lib/gcc/arm-none-eabi/10.3.1/thumb/v7e-m+fp/hard/libgcc.a(_udivmoddi4.o)
 .debug_info    0x000000000003078c       0x26 /usr/lib/gcc/arm-none-eabi/10.3.1/thumb/v7e-m+fp/hard/libgcc.a(_dvmd_tls.o)
 .debug_info    0x00000000000307b2       0xb1 /usr/lib/gcc/arm-none-eabi/10.3.1/../../../arm-none-eabi/lib/thumb/v7e-m+fp/hard/libnosys.a(close.o)
 .debug_info    0x0000000000030863      0x2cc /usr/lib/gcc/arm-none-eabi/10.3.1/../../../arm-none-eabi/lib/thumb/v7e-m+fp/hard/libnosys.a(fstat.o)
 .debug_info    0x0000000000030b2f       0x9c /usr/lib/gcc/arm-none-eabi/10.3.1/../../../arm-none-eabi/lib/thumb/v7e-m+fp/hard/libnosys.a(getpid.o)
 .debug_info    0x0000000000030bcb       0xb1 /usr/lib/gcc/arm-none-eabi/10.3.1/../../../arm-none-eabi/lib/thumb/v7e-m+fp/hard/libnosys.a(isatty.o)
 .debug_info    0x0000000000030c7c       0xbf /usr/lib/gcc/arm-none-eabi/10.3.1/../../../arm-none-eabi/lib/thumb/v7e-m+fp/hard/libnosys.a(kill.o)
 .debug_info    0x0000000000030d3b       0xd3 /usr/lib/gcc/arm-none-eabi/10.3.1/../../../arm-none-eabi/lib/thumb/v7e-m+fp/hard/libnosys.a(lseek.o)
 .debug_info    0x0000000000030e0e       0xd9 /usr/lib/gcc/arm-none-eabi/10.3.1/../../../arm-none-eabi/lib/thumb/v7e-m+fp/hard/libnosys.a(read.o)
 .debug_info    0x0000000000030ee7       0x9d /usr/lib/gcc/arm-none-eabi/10.3.1/../../../arm-none-eabi/lib/thumb/v7e-m+fp/hard/libnosys.a(sbrk.o)
 .debug_info    0x0000000000030f84       0xd9 /usr/lib/gcc/arm-none-eabi/10.3.1/../../../arm-none-eabi/lib/thumb/v7e-m+fp/hard/libnosys.a(write.o)
 .debug_info    0x000000000003105d       0xa3 /usr/lib/gcc/arm-none-eabi/10.3.1/../../../arm-none-eabi/lib/thumb/v7e-m+fp/hard/libnosys.a(_exit.o)

.debug_abbrev   0x0000000000000000     0xa472
 .debug_abbrev  0x0000000000000000      0x16b sdram.o
 .debug_abbrev  0x000000000000016b      0x1a7 clock.o
 .debug_abbrev  0x0000000000000312      0x1f7 console.o
 .debug_abbrev  0x0000000000000509      0x339 lcd-spi.o
 .debug_abbrev  0x0000000000000842      0x31f gfx.o
 .debug_abbrev  0x0000000000000b61      0x2b6 lcd-serial.o
 .debug_abbrev  0x0000000000000e17      0x181 ../../../../../libopencm3//lib/libopencm3_stm32f4.a(adc_common_v1.o)
 .debug_abbrev  0x0000000000000f98      0x167 ../../../../../libopencm3//lib/libopencm3_stm32f4.a(adc_common_v1_multi.o)
 .debug_abbrev  0x00000000000010ff       0xea ../../../../../libopencm3//lib/libopencm3_stm32f4.a(adc_common_f47.o)
 .debug_abbrev  0x00000000000011e9      0x10c ../../../../../libopencm3//lib/libopencm3_stm32f4.a(fmc_common_f47.o)
 .debug_abbrev  0x00000000000012f5      0x116 ../../../../../libopencm3//lib/libopencm3_stm32f4.a(gpio_common_all.o)
 .debug_abbrev  0x000000000000140b       0xbf ../../../../../libopencm3//lib/libopencm3_stm32f4.a(gpio_common_f0234.o)
 .debug_abbrev  0x00000000000014ca      0x177 ../../../../../libopencm3//lib/libopencm3_stm32f4.a(rcc_common_all.o)
 .debug_abbrev  0x0000000000001641      0x2ba ../../../../../libopencm3//lib/libopencm3_stm32f4.a(rcc.o)
 .debug_abbrev  0x00000000000018fb      0x197 ../../../../../libopencm3//lib/libopencm3_stm32f4.a(spi_common_all.o)
 .debug_abbrev  0x0000000000001a92       0xd2 ../../../../../libopencm3//lib/libopencm3_stm32f4.a(spi_common_v1.o)
 .debug_abbrev  0x0000000000001b64      0x129 ../../../../../libopencm3//lib/libopencm3_stm32f4.a(usart_common_all.o)
 .debug_abbrev  0x0000000000001c8d      0x15b ../../../../../libopencm3//lib/libopencm3_stm32f4.a(vector.o)
 .debug_abbrev  0x0000000000001de8      0x155 ../../../../../libopencm3//lib/libopencm3_stm32f4.a(systick.o)
 .debug_abbrev  0x0000000000001f3d       0x89 ../../../../../libopencm3//lib/libopencm3_stm32f4.a(scb.o)
 .debug_abbrev  0x0000000000001fc6       0xb5 ../../../../../libopencm3//lib/libopencm3_stm32f4.a(nvic.o)
 .debug_abbrev  0x000000000000207b       0x9a ../../../../../libopencm3//lib/libopencm3_stm32f4.a(flash_common_all.o)
 .debug_abbrev  0x0000000000002115       0x56 ../../../../../libopencm3//lib/libopencm3_stm32f4.a(flash_common_idcache.o)
 .debug_abbrev  0x000000000000216b       0x9c ../../../../../libopencm3//lib/libopencm3_stm32f4.a(pwr.o)
 .debug_abbrev  0x0000000000002207       0xb4 /usr/lib/gcc/arm-none-eabi/10.3.1/../../../arm-none-eabi/lib/thumb/v7e-m+fp/hard/libc.a(lib_a-memset.o)
 .debug_abbrev  0x00000000000022bb      0x27a /usr/lib/gcc/arm-none-eabi/10.3.1/../../../arm-none-eabi/lib/thumb/v7e-m+fp/hard/libc.a(lib_a-sprintf.o)
 .debug_abbrev  0x0000000000002535       0xc4 /usr/lib/gcc/arm-none-eabi/10.3.1/../../../arm-none-eabi/lib/thumb/v7e-m+fp/hard/libc.a(lib_a-strcat.o)
 .debug_abbrev  0x00000000000025f9       0x7b /usr/lib/gcc/arm-none-eabi/10.3.1/../../../arm-none-eabi/lib/thumb/v7e-m+fp/hard/libc.a(lib_a-strcpy.o)
 .debug_abbrev  0x0000000000002674      0x4bb /usr/lib/gcc/arm-none-eabi/10.3.1/../../../arm-none-eabi/lib/thumb/v7e-m+fp/hard/libc.a(lib_a-strtod.o)
 .debug_abbrev  0x0000000000002b2f      0x3db /usr/lib/gcc/arm-none-eabi/10.3.1/../../../arm-none-eabi/lib/thumb/v7e-m+fp/hard/libc.a(lib_a-svfprintf.o)
 .debug_abbrev  0x0000000000002f0a      0x323 /usr/lib/gcc/arm-none-eabi/10.3.1/../../../arm-none-eabi/lib/thumb/v7e-m+fp/hard/libc.a(lib_a-dtoa.o)
 .debug_abbrev  0x000000000000322d      0x3c1 /usr/lib/gcc/arm-none-eabi/10.3.1/../../../arm-none-eabi/lib/thumb/v7e-m+fp/hard/libc.a(lib_a-gdtoa-gethex.o)
 .debug_abbrev  0x00000000000035ee      0x1b5 /usr/lib/gcc/arm-none-eabi/10.3.1/../../../arm-none-eabi/lib/thumb/v7e-m+fp/hard/libc.a(lib_a-gdtoa-hexnan.o)
 .debug_abbrev  0x00000000000037a3      0x1b8 /usr/lib/gcc/arm-none-eabi/10.3.1/../../../arm-none-eabi/lib/thumb/v7e-m+fp/hard/libc.a(lib_a-impure.o)
 .debug_abbrev  0x000000000000395b      0x21a /usr/lib/gcc/arm-none-eabi/10.3.1/../../../arm-none-eabi/lib/thumb/v7e-m+fp/hard/libc.a(lib_a-lnumeric.o)
 .debug_abbrev  0x0000000000003b75      0x2f5 /usr/lib/gcc/arm-none-eabi/10.3.1/../../../arm-none-eabi/lib/thumb/v7e-m+fp/hard/libc.a(lib_a-locale.o)
 .debug_abbrev  0x0000000000003e6a      0x26a /usr/lib/gcc/arm-none-eabi/10.3.1/../../../arm-none-eabi/lib/thumb/v7e-m+fp/hard/libc.a(lib_a-localeconv.o)
 .debug_abbrev  0x00000000000040d4      0x2f6 /usr/lib/gcc/arm-none-eabi/10.3.1/../../../arm-none-eabi/lib/thumb/v7e-m+fp/hard/libc.a(lib_a-mallocr.o)
 .debug_abbrev  0x00000000000043ca      0x247 /usr/lib/gcc/arm-none-eabi/10.3.1/../../../arm-none-eabi/lib/thumb/v7e-m+fp/hard/libc.a(lib_a-mbtowc_r.o)
 .debug_abbrev  0x0000000000004611       0x14 /usr/lib/gcc/arm-none-eabi/10.3.1/../../../arm-none-eabi/lib/thumb/v7e-m+fp/hard/libc.a(lib_a-memchr.o)
 .debug_abbrev  0x0000000000004625       0x14 /usr/lib/gcc/arm-none-eabi/10.3.1/../../../arm-none-eabi/lib/thumb/v7e-m+fp/hard/libc.a(lib_a-memcpy.o)
 .debug_abbrev  0x0000000000004639      0x1f0 /usr/lib/gcc/arm-none-eabi/10.3.1/../../../arm-none-eabi/lib/thumb/v7e-m+fp/hard/libc.a(lib_a-mlock.o)
 .debug_abbrev  0x0000000000004829      0x4ae /usr/lib/gcc/arm-none-eabi/10.3.1/../../../arm-none-eabi/lib/thumb/v7e-m+fp/hard/libc.a(lib_a-mprec.o)
 .debug_abbrev  0x0000000000004cd7       0x78 /usr/lib/gcc/arm-none-eabi/10.3.1/../../../arm-none-eabi/lib/thumb/v7e-m+fp/hard/libc.a(lib_a-s_nan.o)
 .debug_abbrev  0x0000000000004d4f      0x23d /usr/lib/gcc/arm-none-eabi/10.3.1/../../../arm-none-eabi/lib/thumb/v7e-m+fp/hard/libc.a(lib_a-sbrkr.o)
 .debug_abbrev  0x0000000000004f8c       0x78 /usr/lib/gcc/arm-none-eabi/10.3.1/../../../arm-none-eabi/lib/thumb/v7e-m+fp/hard/libc.a(lib_a-sf_nan.o)
 .debug_abbrev  0x0000000000005004       0x14 /usr/lib/gcc/arm-none-eabi/10.3.1/../../../arm-none-eabi/lib/thumb/v7e-m+fp/hard/libc.a(lib_a-strcmp.o)
 .debug_abbrev  0x0000000000005018       0x14 /usr/lib/gcc/arm-none-eabi/10.3.1/../../../arm-none-eabi/lib/thumb/v7e-m+fp/hard/libc.a(lib_a-strlen.o)
 .debug_abbrev  0x000000000000502c       0x8f /usr/lib/gcc/arm-none-eabi/10.3.1/../../../arm-none-eabi/lib/thumb/v7e-m+fp/hard/libc.a(lib_a-strncmp.o)
 .debug_abbrev  0x00000000000050bb      0x2fa /usr/lib/gcc/arm-none-eabi/10.3.1/../../../arm-none-eabi/lib/thumb/v7e-m+fp/hard/libc.a(lib_a-svfiprintf.o)
 .debug_abbrev  0x00000000000053b5      0x251 /usr/lib/gcc/arm-none-eabi/10.3.1/../../../arm-none-eabi/lib/thumb/v7e-m+fp/hard/libc.a(lib_a-wctomb_r.o)
 .debug_abbrev  0x0000000000005606      0x22a /usr/lib/gcc/arm-none-eabi/10.3.1/../../../arm-none-eabi/lib/thumb/v7e-m+fp/hard/libc.a(lib_a-assert.o)
 .debug_abbrev  0x0000000000005830      0x241 /usr/lib/gcc/arm-none-eabi/10.3.1/../../../arm-none-eabi/lib/thumb/v7e-m+fp/hard/libc.a(lib_a-callocr.o)
 .debug_abbrev  0x0000000000005a71       0x62 /usr/lib/gcc/arm-none-eabi/10.3.1/../../../arm-none-eabi/lib/thumb/v7e-m+fp/hard/libc.a(lib_a-ctype_.o)
 .debug_abbrev  0x0000000000005ad3      0x255 /usr/lib/gcc/arm-none-eabi/10.3.1/../../../arm-none-eabi/lib/thumb/v7e-m+fp/hard/libc.a(lib_a-fiprintf.o)
 .debug_abbrev  0x0000000000005d28      0x2b1 /usr/lib/gcc/arm-none-eabi/10.3.1/../../../arm-none-eabi/lib/thumb/v7e-m+fp/hard/libc.a(lib_a-freer.o)
 .debug_abbrev  0x0000000000005fd9       0xc0 /usr/lib/gcc/arm-none-eabi/10.3.1/../../../arm-none-eabi/lib/thumb/v7e-m+fp/hard/libc.a(lib_a-memmove.o)
 .debug_abbrev  0x0000000000006099      0x275 /usr/lib/gcc/arm-none-eabi/10.3.1/../../../arm-none-eabi/lib/thumb/v7e-m+fp/hard/libc.a(lib_a-reallocr.o)
 .debug_abbrev  0x000000000000630e      0x2f4 /usr/lib/gcc/arm-none-eabi/10.3.1/../../../arm-none-eabi/lib/thumb/v7e-m+fp/hard/libc.a(lib_a-reent.o)
 .debug_abbrev  0x0000000000006602      0x430 /usr/lib/gcc/arm-none-eabi/10.3.1/../../../arm-none-eabi/lib/thumb/v7e-m+fp/hard/libc.a(lib_a-vfiprintf.o)
 .debug_abbrev  0x0000000000006a32      0x246 /usr/lib/gcc/arm-none-eabi/10.3.1/../../../arm-none-eabi/lib/thumb/v7e-m+fp/hard/libc.a(lib_a-wsetup.o)
 .debug_abbrev  0x0000000000006c78       0x80 /usr/lib/gcc/arm-none-eabi/10.3.1/../../../arm-none-eabi/lib/thumb/v7e-m+fp/hard/libc.a(lib_a-abort.o)
 .debug_abbrev  0x0000000000006cf8      0x336 /usr/lib/gcc/arm-none-eabi/10.3.1/../../../arm-none-eabi/lib/thumb/v7e-m+fp/hard/libc.a(lib_a-fflush.o)
 .debug_abbrev  0x000000000000702e      0x41a /usr/lib/gcc/arm-none-eabi/10.3.1/../../../arm-none-eabi/lib/thumb/v7e-m+fp/hard/libc.a(lib_a-findfp.o)
 .debug_abbrev  0x0000000000007448      0x34f /usr/lib/gcc/arm-none-eabi/10.3.1/../../../arm-none-eabi/lib/thumb/v7e-m+fp/hard/libc.a(lib_a-fputwc.o)
 .debug_abbrev  0x0000000000007797      0x25e /usr/lib/gcc/arm-none-eabi/10.3.1/../../../arm-none-eabi/lib/thumb/v7e-m+fp/hard/libc.a(lib_a-fvwrite.o)
 .debug_abbrev  0x00000000000079f5      0x1fe /usr/lib/gcc/arm-none-eabi/10.3.1/../../../arm-none-eabi/lib/thumb/v7e-m+fp/hard/libc.a(lib_a-fwalk.o)
 .debug_abbrev  0x0000000000007bf3      0x2df /usr/lib/gcc/arm-none-eabi/10.3.1/../../../arm-none-eabi/lib/thumb/v7e-m+fp/hard/libc.a(lib_a-makebuf.o)
 .debug_abbrev  0x0000000000007ed2      0x321 /usr/lib/gcc/arm-none-eabi/10.3.1/../../../arm-none-eabi/lib/thumb/v7e-m+fp/hard/libc.a(lib_a-signal.o)
 .debug_abbrev  0x00000000000081f3      0x242 /usr/lib/gcc/arm-none-eabi/10.3.1/../../../arm-none-eabi/lib/thumb/v7e-m+fp/hard/libc.a(lib_a-signalr.o)
 .debug_abbrev  0x0000000000008435      0x262 /usr/lib/gcc/arm-none-eabi/10.3.1/../../../arm-none-eabi/lib/thumb/v7e-m+fp/hard/libc.a(lib_a-stdio.o)
 .debug_abbrev  0x0000000000008697      0x286 /usr/lib/gcc/arm-none-eabi/10.3.1/../../../arm-none-eabi/lib/thumb/v7e-m+fp/hard/libc.a(lib_a-wbuf.o)
 .debug_abbrev  0x000000000000891d      0x254 /usr/lib/gcc/arm-none-eabi/10.3.1/../../../arm-none-eabi/lib/thumb/v7e-m+fp/hard/libc.a(lib_a-wcrtomb.o)
 .debug_abbrev  0x0000000000008b71      0x217 /usr/lib/gcc/arm-none-eabi/10.3.1/../../../arm-none-eabi/lib/thumb/v7e-m+fp/hard/libc.a(lib_a-writer.o)
 .debug_abbrev  0x0000000000008d88      0x212 /usr/lib/gcc/arm-none-eabi/10.3.1/../../../arm-none-eabi/lib/thumb/v7e-m+fp/hard/libc.a(lib_a-closer.o)
 .debug_abbrev  0x0000000000008f9a      0x2f1 /usr/lib/gcc/arm-none-eabi/10.3.1/../../../arm-none-eabi/lib/thumb/v7e-m+fp/hard/libc.a(lib_a-fclose.o)
 .debug_abbrev  0x000000000000928b      0x226 /usr/lib/gcc/arm-none-eabi/10.3.1/../../../arm-none-eabi/lib/thumb/v7e-m+fp/hard/libc.a(lib_a-fstatr.o)
 .debug_abbrev  0x00000000000094b1      0x212 /usr/lib/gcc/arm-none-eabi/10.3.1/../../../arm-none-eabi/lib/thumb/v7e-m+fp/hard/libc.a(lib_a-isattyr.o)
 .debug_abbrev  0x00000000000096c3      0x226 /usr/lib/gcc/arm-none-eabi/10.3.1/../../../arm-none-eabi/lib/thumb/v7e-m+fp/hard/libc.a(lib_a-lseekr.o)
 .debug_abbrev  0x00000000000098e9      0x212 /usr/lib/gcc/arm-none-eabi/10.3.1/../../../arm-none-eabi/lib/thumb/v7e-m+fp/hard/libc.a(lib_a-readr.o)
 .debug_abbrev  0x0000000000009afb       0x14 /usr/lib/gcc/arm-none-eabi/10.3.1/thumb/v7e-m+fp/hard/libgcc.a(_arm_addsubdf3.o)
 .debug_abbrev  0x0000000000009b0f       0x14 /usr/lib/gcc/arm-none-eabi/10.3.1/thumb/v7e-m+fp/hard/libgcc.a(_arm_muldivdf3.o)
 .debug_abbrev  0x0000000000009b23       0x14 /usr/lib/gcc/arm-none-eabi/10.3.1/thumb/v7e-m+fp/hard/libgcc.a(_arm_cmpdf2.o)
 .debug_abbrev  0x0000000000009b37       0x14 /usr/lib/gcc/arm-none-eabi/10.3.1/thumb/v7e-m+fp/hard/libgcc.a(_arm_unorddf2.o)
 .debug_abbrev  0x0000000000009b4b       0x14 /usr/lib/gcc/arm-none-eabi/10.3.1/thumb/v7e-m+fp/hard/libgcc.a(_arm_fixdfsi.o)
 .debug_abbrev  0x0000000000009b5f       0x14 /usr/lib/gcc/arm-none-eabi/10.3.1/thumb/v7e-m+fp/hard/libgcc.a(_arm_fixunsdfsi.o)
 .debug_abbrev  0x0000000000009b73       0x14 /usr/lib/gcc/arm-none-eabi/10.3.1/thumb/v7e-m+fp/hard/libgcc.a(_arm_truncdfsf2.o)
 .debug_abbrev  0x0000000000009b87       0x14 /usr/lib/gcc/arm-none-eabi/10.3.1/thumb/v7e-m+fp/hard/libgcc.a(_aeabi_uldivmod.o)
 .debug_abbrev  0x0000000000009b9b      0x10e /usr/lib/gcc/arm-none-eabi/10.3.1/thumb/v7e-m+fp/hard/libgcc.a(_fixdfdi.o)
 .debug_abbrev  0x0000000000009ca9      0x101 /usr/lib/gcc/arm-none-eabi/10.3.1/thumb/v7e-m+fp/hard/libgcc.a(_fixunsdfdi.o)
 .debug_abbrev  0x0000000000009daa      0x163 /usr/lib/gcc/arm-none-eabi/10.3.1/thumb/v7e-m+fp/hard/libgcc.a(_udivmoddi4.o)
 .debug_abbrev  0x0000000000009f0d       0x14 /usr/lib/gcc/arm-none-eabi/10.3.1/thumb/v7e-m+fp/hard/libgcc.a(_dvmd_tls.o)
 .debug_abbrev  0x0000000000009f21       0x6d /usr/lib/gcc/arm-none-eabi/10.3.1/../../../arm-none-eabi/lib/thumb/v7e-m+fp/hard/libnosys.a(close.o)
 .debug_abbrev  0x0000000000009f8e       0xcc /usr/lib/gcc/arm-none-eabi/10.3.1/../../../arm-none-eabi/lib/thumb/v7e-m+fp/hard/libnosys.a(fstat.o)
 .debug_abbrev  0x000000000000a05a       0x59 /usr/lib/gcc/arm-none-eabi/10.3.1/../../../arm-none-eabi/lib/thumb/v7e-m+fp/hard/libnosys.a(getpid.o)
 .debug_abbrev  0x000000000000a0b3       0x6d /usr/lib/gcc/arm-none-eabi/10.3.1/../../../arm-none-eabi/lib/thumb/v7e-m+fp/hard/libnosys.a(isatty.o)
 .debug_abbrev  0x000000000000a120       0x7e /usr/lib/gcc/arm-none-eabi/10.3.1/../../../arm-none-eabi/lib/thumb/v7e-m+fp/hard/libnosys.a(kill.o)
 .debug_abbrev  0x000000000000a19e       0x92 /usr/lib/gcc/arm-none-eabi/10.3.1/../../../arm-none-eabi/lib/thumb/v7e-m+fp/hard/libnosys.a(lseek.o)
 .debug_abbrev  0x000000000000a230       0x9b /usr/lib/gcc/arm-none-eabi/10.3.1/../../../arm-none-eabi/lib/thumb/v7e-m+fp/hard/libnosys.a(read.o)
 .debug_abbrev  0x000000000000a2cb       0xa2 /usr/lib/gcc/arm-none-eabi/10.3.1/../../../arm-none-eabi/lib/thumb/v7e-m+fp/hard/libnosys.a(sbrk.o)
 .debug_abbrev  0x000000000000a36d       0x9b /usr/lib/gcc/arm-none-eabi/10.3.1/../../../arm-none-eabi/lib/thumb/v7e-m+fp/hard/libnosys.a(write.o)
 .debug_abbrev  0x000000000000a408       0x6a /usr/lib/gcc/arm-none-eabi/10.3.1/../../../arm-none-eabi/lib/thumb/v7e-m+fp/hard/libnosys.a(_exit.o)

.debug_loc      0x0000000000000000    0x1ddf4
 .debug_loc     0x0000000000000000       0xdb sdram.o
 .debug_loc     0x00000000000000db       0x3a clock.o
 .debug_loc     0x0000000000000115      0x1f3 console.o
 .debug_loc     0x0000000000000308      0x475 lcd-spi.o
 .debug_loc     0x000000000000077d     0x165a gfx.o
 .debug_loc     0x0000000000001dd7      0x30b lcd-serial.o
 .debug_loc     0x00000000000020e2      0x44e ../../../../../libopencm3//lib/libopencm3_stm32f4.a(adc_common_v1.o)
 .debug_loc     0x0000000000002530      0x159 ../../../../../libopencm3//lib/libopencm3_stm32f4.a(adc_common_v1_multi.o)
 .debug_loc     0x0000000000002689      0x18c ../../../../../libopencm3//lib/libopencm3_stm32f4.a(adc_common_f47.o)
 .debug_loc     0x0000000000002815      0x590 ../../../../../libopencm3//lib/libopencm3_stm32f4.a(fmc_common_f47.o)
 .debug_loc     0x0000000000002da5       0xbe ../../../../../libopencm3//lib/libopencm3_stm32f4.a(gpio_common_all.o)
 .debug_loc     0x0000000000002e63      0x14f ../../../../../libopencm3//lib/libopencm3_stm32f4.a(gpio_common_f0234.o)
 .debug_loc     0x0000000000002fb2      0x120 ../../../../../libopencm3//lib/libopencm3_stm32f4.a(rcc_common_all.o)
 .debug_loc     0x00000000000030d2      0x867 ../../../../../libopencm3//lib/libopencm3_stm32f4.a(rcc.o)
 .debug_loc     0x0000000000003939      0x170 ../../../../../libopencm3//lib/libopencm3_stm32f4.a(spi_common_all.o)
 .debug_loc     0x0000000000003aa9      0x149 ../../../../../libopencm3//lib/libopencm3_stm32f4.a(spi_common_v1.o)
 .debug_loc     0x0000000000003bf2      0x1e1 ../../../../../libopencm3//lib/libopencm3_stm32f4.a(usart_common_all.o)
 .debug_loc     0x0000000000003dd3      0x128 ../../../../../libopencm3//lib/libopencm3_stm32f4.a(vector.o)
 .debug_loc     0x0000000000003efb      0x192 ../../../../../libopencm3//lib/libopencm3_stm32f4.a(systick.o)
 .debug_loc     0x000000000000408d       0x25 ../../../../../libopencm3//lib/libopencm3_stm32f4.a(scb.o)
 .debug_loc     0x00000000000040b2      0x14d ../../../../../libopencm3//lib/libopencm3_stm32f4.a(nvic.o)
 .debug_loc     0x00000000000041ff       0x47 ../../../../../libopencm3//lib/libopencm3_stm32f4.a(flash_common_all.o)
 .debug_loc     0x0000000000004246       0x47 ../../../../../libopencm3//lib/libopencm3_stm32f4.a(pwr.o)
 .debug_loc     0x000000000000428d      0x22c /usr/lib/gcc/arm-none-eabi/10.3.1/../../../arm-none-eabi/lib/thumb/v7e-m+fp/hard/libc.a(lib_a-memset.o)
 .debug_loc     0x00000000000044b9       0xb7 /usr/lib/gcc/arm-none-eabi/10.3.1/../../../arm-none-eabi/lib/thumb/v7e-m+fp/hard/libc.a(lib_a-sprintf.o)
 .debug_loc     0x0000000000004570       0xc3 /usr/lib/gcc/arm-none-eabi/10.3.1/../../../arm-none-eabi/lib/thumb/v7e-m+fp/hard/libc.a(lib_a-strcat.o)
 .debug_loc     0x0000000000004633       0x25 /usr/lib/gcc/arm-none-eabi/10.3.1/../../../arm-none-eabi/lib/thumb/v7e-m+fp/hard/libc.a(lib_a-strcpy.o)
 .debug_loc     0x0000000000004658     0x2a52 /usr/lib/gcc/arm-none-eabi/10.3.1/../../../arm-none-eabi/lib/thumb/v7e-m+fp/hard/libc.a(lib_a-strtod.o)
 .debug_loc     0x00000000000070aa     0x340a /usr/lib/gcc/arm-none-eabi/10.3.1/../../../arm-none-eabi/lib/thumb/v7e-m+fp/hard/libc.a(lib_a-svfprintf.o)
 .debug_loc     0x000000000000a4b4     0x3328 /usr/lib/gcc/arm-none-eabi/10.3.1/../../../arm-none-eabi/lib/thumb/v7e-m+fp/hard/libc.a(lib_a-dtoa.o)
 .debug_loc     0x000000000000d7dc     0x1821 /usr/lib/gcc/arm-none-eabi/10.3.1/../../../arm-none-eabi/lib/thumb/v7e-m+fp/hard/libc.a(lib_a-gdtoa-gethex.o)
 .debug_loc     0x000000000000effd      0x723 /usr/lib/gcc/arm-none-eabi/10.3.1/../../../arm-none-eabi/lib/thumb/v7e-m+fp/hard/libc.a(lib_a-gdtoa-hexnan.o)
 .debug_loc     0x000000000000f720       0x25 /usr/lib/gcc/arm-none-eabi/10.3.1/../../../arm-none-eabi/lib/thumb/v7e-m+fp/hard/libc.a(lib_a-lnumeric.o)
 .debug_loc     0x000000000000f745      0x27d /usr/lib/gcc/arm-none-eabi/10.3.1/../../../arm-none-eabi/lib/thumb/v7e-m+fp/hard/libc.a(lib_a-locale.o)
 .debug_loc     0x000000000000f9c2       0x6f /usr/lib/gcc/arm-none-eabi/10.3.1/../../../arm-none-eabi/lib/thumb/v7e-m+fp/hard/libc.a(lib_a-localeconv.o)
 .debug_loc     0x000000000000fa31      0xea2 /usr/lib/gcc/arm-none-eabi/10.3.1/../../../arm-none-eabi/lib/thumb/v7e-m+fp/hard/libc.a(lib_a-mallocr.o)
 .debug_loc     0x00000000000108d3      0x21d /usr/lib/gcc/arm-none-eabi/10.3.1/../../../arm-none-eabi/lib/thumb/v7e-m+fp/hard/libc.a(lib_a-mbtowc_r.o)
 .debug_loc     0x0000000000010af0     0x2704 /usr/lib/gcc/arm-none-eabi/10.3.1/../../../arm-none-eabi/lib/thumb/v7e-m+fp/hard/libc.a(lib_a-mprec.o)
 .debug_loc     0x00000000000131f4       0x6c /usr/lib/gcc/arm-none-eabi/10.3.1/../../../arm-none-eabi/lib/thumb/v7e-m+fp/hard/libc.a(lib_a-sbrkr.o)
 .debug_loc     0x0000000000013260      0x19a /usr/lib/gcc/arm-none-eabi/10.3.1/../../../arm-none-eabi/lib/thumb/v7e-m+fp/hard/libc.a(lib_a-strncmp.o)
 .debug_loc     0x00000000000133fa     0x1658 /usr/lib/gcc/arm-none-eabi/10.3.1/../../../arm-none-eabi/lib/thumb/v7e-m+fp/hard/libc.a(lib_a-svfiprintf.o)
 .debug_loc     0x0000000000014a52      0x13a /usr/lib/gcc/arm-none-eabi/10.3.1/../../../arm-none-eabi/lib/thumb/v7e-m+fp/hard/libc.a(lib_a-wctomb_r.o)
 .debug_loc     0x0000000000014b8c      0x185 /usr/lib/gcc/arm-none-eabi/10.3.1/../../../arm-none-eabi/lib/thumb/v7e-m+fp/hard/libc.a(lib_a-assert.o)
 .debug_loc     0x0000000000014d11      0x2d6 /usr/lib/gcc/arm-none-eabi/10.3.1/../../../arm-none-eabi/lib/thumb/v7e-m+fp/hard/libc.a(lib_a-callocr.o)
 .debug_loc     0x0000000000014fe7       0xa6 /usr/lib/gcc/arm-none-eabi/10.3.1/../../../arm-none-eabi/lib/thumb/v7e-m+fp/hard/libc.a(lib_a-fiprintf.o)
 .debug_loc     0x000000000001508d      0x6cc /usr/lib/gcc/arm-none-eabi/10.3.1/../../../arm-none-eabi/lib/thumb/v7e-m+fp/hard/libc.a(lib_a-freer.o)
 .debug_loc     0x0000000000015759      0x34f /usr/lib/gcc/arm-none-eabi/10.3.1/../../../arm-none-eabi/lib/thumb/v7e-m+fp/hard/libc.a(lib_a-memmove.o)
 .debug_loc     0x0000000000015aa8     0x17d9 /usr/lib/gcc/arm-none-eabi/10.3.1/../../../arm-none-eabi/lib/thumb/v7e-m+fp/hard/libc.a(lib_a-reallocr.o)